ARM Linker, 5.03 [Build 24] [MDK-ARM Standard]

==============================================================================

Section Cross References

    stm32f10x_adc.o(i.ADC_DeInit) refers to stm32f10x_rcc.o(i.RCC_APB2PeriphResetCmd) for RCC_APB2PeriphResetCmd
    stm32f10x_bkp.o(i.BKP_DeInit) refers to stm32f10x_rcc.o(i.RCC_BackupResetCmd) for RCC_BackupResetCmd
    stm32f10x_can.o(i.CAN_DeInit) refers to stm32f10x_rcc.o(i.RCC_APB1PeriphResetCmd) for RCC_APB1PeriphResetCmd
    stm32f10x_can.o(i.CAN_GetITStatus) refers to stm32f10x_can.o(i.CheckITStatus) for CheckITStatus
    stm32f10x_cec.o(i.CEC_DeInit) refers to stm32f10x_rcc.o(i.RCC_APB1PeriphResetCmd) for RCC_APB1PeriphResetCmd
    stm32f10x_dac.o(i.DAC_DeInit) refers to stm32f10x_rcc.o(i.RCC_APB1PeriphResetCmd) for RCC_APB1PeriphResetCmd
    stm32f10x_flash.o(i.FLASH_EnableWriteProtection) refers to stm32f10x_flash.o(i.FLASH_WaitForLastOperation) for FLASH_WaitForLastOperation
    stm32f10x_flash.o(i.FLASH_EraseAllBank1Pages) refers to stm32f10x_flash.o(i.FLASH_WaitForLastBank1Operation) for FLASH_WaitForLastBank1Operation
    stm32f10x_flash.o(i.FLASH_EraseAllPages) refers to stm32f10x_flash.o(i.FLASH_WaitForLastOperation) for FLASH_WaitForLastOperation
    stm32f10x_flash.o(i.FLASH_EraseOptionBytes) refers to stm32f10x_flash.o(i.FLASH_GetReadOutProtectionStatus) for FLASH_GetReadOutProtectionStatus
    stm32f10x_flash.o(i.FLASH_EraseOptionBytes) refers to stm32f10x_flash.o(i.FLASH_WaitForLastOperation) for FLASH_WaitForLastOperation
    stm32f10x_flash.o(i.FLASH_ErasePage) refers to stm32f10x_flash.o(i.FLASH_WaitForLastOperation) for FLASH_WaitForLastOperation
    stm32f10x_flash.o(i.FLASH_ProgramHalfWord) refers to stm32f10x_flash.o(i.FLASH_WaitForLastOperation) for FLASH_WaitForLastOperation
    stm32f10x_flash.o(i.FLASH_ProgramOptionByteData) refers to stm32f10x_flash.o(i.FLASH_WaitForLastOperation) for FLASH_WaitForLastOperation
    stm32f10x_flash.o(i.FLASH_ProgramWord) refers to stm32f10x_flash.o(i.FLASH_WaitForLastOperation) for FLASH_WaitForLastOperation
    stm32f10x_flash.o(i.FLASH_ReadOutProtection) refers to stm32f10x_flash.o(i.FLASH_WaitForLastOperation) for FLASH_WaitForLastOperation
    stm32f10x_flash.o(i.FLASH_UserOptionByteConfig) refers to stm32f10x_flash.o(i.FLASH_WaitForLastOperation) for FLASH_WaitForLastOperation
    stm32f10x_flash.o(i.FLASH_WaitForLastBank1Operation) refers to stm32f10x_flash.o(i.FLASH_GetBank1Status) for FLASH_GetBank1Status
    stm32f10x_flash.o(i.FLASH_WaitForLastOperation) refers to stm32f10x_flash.o(i.FLASH_GetBank1Status) for FLASH_GetBank1Status
    stm32f10x_gpio.o(i.GPIO_AFIODeInit) refers to stm32f10x_rcc.o(i.RCC_APB2PeriphResetCmd) for RCC_APB2PeriphResetCmd
    stm32f10x_gpio.o(i.GPIO_DeInit) refers to stm32f10x_rcc.o(i.RCC_APB2PeriphResetCmd) for RCC_APB2PeriphResetCmd
    stm32f10x_i2c.o(i.I2C_DeInit) refers to stm32f10x_rcc.o(i.RCC_APB1PeriphResetCmd) for RCC_APB1PeriphResetCmd
    stm32f10x_i2c.o(i.I2C_Init) refers to stm32f10x_rcc.o(i.RCC_GetClocksFreq) for RCC_GetClocksFreq
    stm32f10x_pwr.o(i.PWR_DeInit) refers to stm32f10x_rcc.o(i.RCC_APB1PeriphResetCmd) for RCC_APB1PeriphResetCmd
    stm32f10x_rcc.o(i.RCC_GetClocksFreq) refers to stm32f10x_rcc.o(.data) for .data
    stm32f10x_rcc.o(i.RCC_WaitForHSEStartUp) refers to stm32f10x_rcc.o(i.RCC_GetFlagStatus) for RCC_GetFlagStatus
    stm32f10x_rtc.o(i.RTC_SetAlarm) refers to stm32f10x_rtc.o(i.RTC_EnterConfigMode) for RTC_EnterConfigMode
    stm32f10x_rtc.o(i.RTC_SetAlarm) refers to stm32f10x_rtc.o(i.RTC_ExitConfigMode) for RTC_ExitConfigMode
    stm32f10x_rtc.o(i.RTC_SetCounter) refers to stm32f10x_rtc.o(i.RTC_EnterConfigMode) for RTC_EnterConfigMode
    stm32f10x_rtc.o(i.RTC_SetCounter) refers to stm32f10x_rtc.o(i.RTC_ExitConfigMode) for RTC_ExitConfigMode
    stm32f10x_rtc.o(i.RTC_SetPrescaler) refers to stm32f10x_rtc.o(i.RTC_EnterConfigMode) for RTC_EnterConfigMode
    stm32f10x_rtc.o(i.RTC_SetPrescaler) refers to stm32f10x_rtc.o(i.RTC_ExitConfigMode) for RTC_ExitConfigMode
    stm32f10x_spi.o(i.I2S_Init) refers to stm32f10x_rcc.o(i.RCC_GetClocksFreq) for RCC_GetClocksFreq
    stm32f10x_spi.o(i.SPI_I2S_DeInit) refers to stm32f10x_rcc.o(i.RCC_APB2PeriphResetCmd) for RCC_APB2PeriphResetCmd
    stm32f10x_spi.o(i.SPI_I2S_DeInit) refers to stm32f10x_rcc.o(i.RCC_APB1PeriphResetCmd) for RCC_APB1PeriphResetCmd
    stm32f10x_tim.o(i.TIM_DeInit) refers to stm32f10x_rcc.o(i.RCC_APB1PeriphResetCmd) for RCC_APB1PeriphResetCmd
    stm32f10x_tim.o(i.TIM_DeInit) refers to stm32f10x_rcc.o(i.RCC_APB2PeriphResetCmd) for RCC_APB2PeriphResetCmd
    stm32f10x_tim.o(i.TIM_ETRClockMode1Config) refers to stm32f10x_tim.o(i.TIM_ETRConfig) for TIM_ETRConfig
    stm32f10x_tim.o(i.TIM_ETRClockMode2Config) refers to stm32f10x_tim.o(i.TIM_ETRConfig) for TIM_ETRConfig
    stm32f10x_tim.o(i.TIM_ICInit) refers to stm32f10x_tim.o(i.TI1_Config) for TI1_Config
    stm32f10x_tim.o(i.TIM_ICInit) refers to stm32f10x_tim.o(i.TIM_SetIC1Prescaler) for TIM_SetIC1Prescaler
[...]
    Removing stm32f10x_i2c.o(i.I2C_Cmd), (20 bytes).
    Removing stm32f10x_i2c.o(i.I2C_DMACmd), (20 bytes).
    Removing stm32f10x_i2c.o(i.I2C_DMALastTransferCmd), (20 bytes).
    Removing stm32f10x_i2c.o(i.I2C_DeInit), (44 bytes).
    Removing stm32f10x_i2c.o(i.I2C_DualAddressCmd), (20 bytes).
    Removing stm32f10x_i2c.o(i.I2C_FastModeDutyCycleConfig), (22 bytes).
    Removing stm32f10x_i2c.o(i.I2C_GeneralCallCmd), (20 bytes).
    Removing stm32f10x_i2c.o(i.I2C_GenerateSTART), (20 bytes).
    Removing stm32f10x_i2c.o(i.I2C_GenerateSTOP), (20 bytes).
    Removing stm32f10x_i2c.o(i.I2C_GetFlagStatus), (42 bytes).
    Removing stm32f10x_i2c.o(i.I2C_GetITStatus), (36 bytes).
    Removing stm32f10x_i2c.o(i.I2C_GetLastEvent), (14 bytes).
    Removing stm32f10x_i2c.o(i.I2C_GetPEC), (6 bytes).
    Removing stm32f10x_i2c.o(i.I2C_ITConfig), (16 bytes).
    Removing stm32f10x_i2c.o(i.I2C_Init), (184 bytes).
    Removing stm32f10x_i2c.o(i.I2C_NACKPositionConfig), (22 bytes).
    Removing stm32f10x_i2c.o(i.I2C_OwnAddress2Config), (16 bytes).
    Removing stm32f10x_i2c.o(i.I2C_PECPositionConfig), (22 bytes).
    Removing stm32f10x_i2c.o(i.I2C_ReadRegister), (10 bytes).
    Removing stm32f10x_i2c.o(i.I2C_ReceiveData), (6 bytes).
    Removing stm32f10x_i2c.o(i.I2C_SMBusAlertConfig), (22 bytes).
    Removing stm32f10x_i2c.o(i.I2C_Send7bitAddress), (16 bytes).
    Removing stm32f10x_i2c.o(i.I2C_SendData), (4 bytes).
    Removing stm32f10x_i2c.o(i.I2C_SoftwareResetCmd), (20 bytes).
    Removing stm32f10x_i2c.o(i.I2C_StretchClockCmd), (20 bytes).
    Removing stm32f10x_i2c.o(i.I2C_StructInit), (28 bytes).
    Removing stm32f10x_i2c.o(i.I2C_TransmitPEC), (20 bytes).
    Removing stm32f10x_iwdg.o(i.IWDG_Enable), (16 bytes).
    Removing stm32f10x_iwdg.o(i.IWDG_GetFlagStatus), (20 bytes).
    Removing stm32f10x_iwdg.o(i.IWDG_ReloadCounter), (16 bytes).
    Removing stm32f10x_iwdg.o(i.IWDG_SetPrescaler), (12 bytes).
    Removing stm32f10x_iwdg.o(i.IWDG_SetReload), (12 bytes).
    Removing stm32f10x_iwdg.o(i.IWDG_WriteAccessCmd), (12 bytes).
    Removing stm32f10x_pwr.o(i.PWR_BackupAccessCmd), (12 bytes).
    Removing stm32f10x_pwr.o(i.PWR_ClearFlag), (16 bytes).
    Removing stm32f10x_pwr.o(i.PWR_DeInit), (24 bytes).
    Removing stm32f10x_pwr.o(i.PWR_EnterSTANDBYMode), (40 bytes).
    Removing stm32f10x_pwr.o(i.PWR_EnterSTOPMode), (52 bytes).
    Removing stm32f10x_pwr.o(i.PWR_GetFlagStatus), (20 bytes).
    Removing stm32f10x_pwr.o(i.PWR_PVDCmd), (12 bytes).
    Removing stm32f10x_pwr.o(i.PWR_PVDLevelConfig), (20 bytes).
    Removing stm32f10x_pwr.o(i.PWR_WakeUpPinCmd), (12 bytes).
    Removing stm32f10x_rcc.o(i.RCC_ADCCLKConfig), (20 bytes).
    Removing stm32f10x_rcc.o(i.RCC_AHBPeriphClockCmd), (24 bytes).
    Removing stm32f10x_rcc.o(i.RCC_APB1PeriphResetCmd), (24 bytes).
    Removing stm32f10x_rcc.o(i.RCC_APB2PeriphResetCmd), (24 bytes).
    Removing stm32f10x_rcc.o(i.RCC_AdjustHSICalibrationValue), (20 bytes).
    Removing stm32f10x_rcc.o(i.RCC_BackupResetCmd), (12 bytes).
    Removing stm32f10x_rcc.o(i.RCC_ClearFlag), (16 bytes).
    Removing stm32f10x_rcc.o(i.RCC_ClearITPendingBit), (12 bytes).
    Removing stm32f10x_rcc.o(i.RCC_ClockSecuritySystemCmd), (12 bytes).
    Removing stm32f10x_rcc.o(i.RCC_GetITStatus), (20 bytes).
    Removing stm32f10x_rcc.o(i.RCC_HSICmd), (12 bytes).
    Removing stm32f10x_rcc.o(i.RCC_ITConfig), (24 bytes).
    Removing stm32f10x_rcc.o(i.RCC_LSEConfig), (32 bytes).
    Removing stm32f10x_rcc.o(i.RCC_LSICmd), (12 bytes).
    Removing stm32f10x_rcc.o(i.RCC_MCOConfig), (12 bytes).
    Removing stm32f10x_rcc.o(i.RCC_RTCCLKCmd), (12 bytes).
    Removing stm32f10x_rcc.o(i.RCC_RTCCLKConfig), (16 bytes).
    Removing stm32f10x_rcc.o(i.RCC_USBCLKConfig), (12 bytes).
    Removing stm32f10x_rcc.o(i.RCC_WaitForHSEStartUp), (44 bytes).
    Removing stm32f10x_rtc.o(i.RTC_ClearFlag), (16 bytes).
    Removing stm32f10x_rtc.o(i.RTC_ClearITPendingBit), (16 bytes).
    Removing stm32f10x_rtc.o(i.RTC_EnterConfigMode), (16 bytes).
    Removing stm32f10x_rtc.o(i.RTC_ExitConfigMode), (16 bytes).
    Removing stm32f10x_rtc.o(i.RTC_GetCounter), (20 bytes).
    Removing stm32f10x_rtc.o(i.RTC_GetDivider), (24 bytes).
    Removing stm32f10x_rtc.o(i.RTC_GetFlagStatus), (20 bytes).
    Removing stm32f10x_rtc.o(i.RTC_GetITStatus), (32 bytes).
    Removing stm32f10x_rtc.o(i.RTC_ITConfig), (24 bytes).
    Removing stm32f10x_rtc.o(i.RTC_SetAlarm), (32 bytes).
    Removing stm32f10x_rtc.o(i.RTC_SetCounter), (32 bytes).
    Removing stm32f10x_rtc.o(i.RTC_SetPrescaler), (32 bytes).
    Removing stm32f10x_rtc.o(i.RTC_WaitForLastTask), (16 bytes).
    Removing stm32f10x_rtc.o(i.RTC_WaitForSynchro), (24 bytes).
    Removing stm32f10x_sdio.o(i.SDIO_CEATAITCmd), (16 bytes).
    Removing stm32f10x_sdio.o(i.SDIO_ClearFlag), (12 bytes).
    Removing stm32f10x_sdio.o(i.SDIO_ClearITPendingBit), (12 bytes).
    Removing stm32f10x_sdio.o(i.SDIO_ClockCmd), (12 bytes).
    Removing stm32f10x_sdio.o(i.SDIO_CmdStructInit), (14 bytes).
    Removing stm32f10x_sdio.o(i.SDIO_CommandCompletionCmd), (12 bytes).
    Removing stm32f10x_sdio.o(i.SDIO_DMACmd), (12 bytes).
    Removing stm32f10x_sdio.o(i.SDIO_DataConfig), (44 bytes).
    Removing stm32f10x_sdio.o(i.SDIO_DataStructInit), (20 bytes).
    Removing stm32f10x_sdio.o(i.SDIO_DeInit), (36 bytes).
    Removing stm32f10x_sdio.o(i.SDIO_GetCommandResponse), (12 bytes).
    Removing stm32f10x_sdio.o(i.SDIO_GetDataCounter), (12 bytes).
    Removing stm32f10x_sdio.o(i.SDIO_GetFIFOCount), (12 bytes).
    Removing stm32f10x_sdio.o(i.SDIO_GetFlagStatus), (20 bytes).
    Removing stm32f10x_sdio.o(i.SDIO_GetITStatus), (20 bytes).
    Removing stm32f10x_sdio.o(i.SDIO_GetPowerState), (16 bytes).
    Removing stm32f10x_sdio.o(i.SDIO_GetResponse), (16 bytes).
    Removing stm32f10x_sdio.o(i.SDIO_ITConfig), (24 bytes).
    Removing stm32f10x_sdio.o(i.SDIO_Init), (44 bytes).
    Removing stm32f10x_sdio.o(i.SDIO_ReadData), (12 bytes).
    Removing stm32f10x_sdio.o(i.SDIO_SendCEATACmd), (12 bytes).
    Removing stm32f10x_sdio.o(i.SDIO_SendCommand), (40 bytes).
    Removing stm32f10x_sdio.o(i.SDIO_SendSDIOSuspendCmd), (12 bytes).
    Removing stm32f10x_sdio.o(i.SDIO_SetPowerState), (24 bytes).
    Removing stm32f10x_sdio.o(i.SDIO_SetSDIOOperation), (12 bytes).
    Removing stm32f10x_sdio.o(i.SDIO_SetSDIOReadWaitMode), (12 bytes).
    Removing stm32f10x_sdio.o(i.SDIO_StartSDIOReadWait), (12 bytes).
    Removing stm32f10x_sdio.o(i.SDIO_StopSDIOReadWait), (12 bytes).
    Removing stm32f10x_sdio.o(i.SDIO_StructInit), (16 bytes).
    Removing stm32f10x_sdio.o(i.SDIO_WriteData), (12 bytes).
    Removing stm32f10x_spi.o(i.I2S_Cmd), (20 bytes).
    Removing stm32f10x_spi.o(i.I2S_Init), (152 bytes).
    Removing stm32f10x_spi.o(i.I2S_StructInit), (18 bytes).
    Removing stm32f10x_spi.o(i.SPI_BiDirectionalLineConfig), (22 bytes).
    Removing stm32f10x_spi.o(i.SPI_CalculateCRC), (20 bytes).
    Removing stm32f10x_spi.o(i.SPI_Cmd), (20 bytes).
    Removing stm32f10x_spi.o(i.SPI_DataSizeConfig), (16 bytes).
    Removing stm32f10x_spi.o(i.SPI_GetCRC), (12 bytes).
    Removing stm32f10x_spi.o(i.SPI_GetCRCPolynomial), (4 bytes).
    Removing stm32f10x_spi.o(i.SPI_I2S_ClearFlag), (6 bytes).
    Removing stm32f10x_spi.o(i.SPI_I2S_ClearITPendingBit), (14 bytes).
    Removing stm32f10x_spi.o(i.SPI_I2S_DMACmd), (16 bytes).
    Removing stm32f10x_spi.o(i.SPI_I2S_DeInit), (84 bytes).
    Removing stm32f10x_spi.o(i.SPI_I2S_GetFlagStatus), (14 bytes).
    Removing stm32f10x_spi.o(i.SPI_I2S_GetITStatus), (42 bytes).
    Removing stm32f10x_spi.o(i.SPI_I2S_ITConfig), (24 bytes).
    Removing stm32f10x_spi.o(i.SPI_I2S_ReceiveData), (4 bytes).
    Removing stm32f10x_spi.o(i.SPI_I2S_SendData), (4 bytes).
    Removing stm32f10x_spi.o(i.SPI_Init), (56 bytes).
    Removing stm32f10x_spi.o(i.SPI_NSSInternalSoftwareConfig), (24 bytes).
    Removing stm32f10x_spi.o(i.SPI_SSOutputCmd), (20 bytes).
    Removing stm32f10x_spi.o(i.SPI_StructInit), (24 bytes).
    Removing stm32f10x_spi.o(i.SPI_TransmitCRC), (10 bytes).
    Removing stm32f10x_tim.o(i.TI1_Config), (108 bytes).
    Removing stm32f10x_tim.o(i.TI2_Config), (124 bytes).
    Removing stm32f10x_tim.o(i.TIM_ARRPreloadConfig), (20 bytes).
    Removing stm32f10x_tim.o(i.TIM_BDTRConfig), (34 bytes).
    Removing stm32f10x_tim.o(i.TIM_BDTRStructInit), (18 bytes).
    Removing stm32f10x_tim.o(i.TIM_CCPreloadControl), (20 bytes).
    Removing stm32f10x_tim.o(i.TIM_CCxCmd), (22 bytes).
    Removing stm32f10x_tim.o(i.TIM_CCxNCmd), (22 bytes).
    Removing stm32f10x_tim.o(i.TIM_ClearFlag), (6 bytes).
    Removing stm32f10x_tim.o(i.TIM_ClearOC1Ref), (12 bytes).
    Removing stm32f10x_tim.o(i.TIM_ClearOC2Ref), (20 bytes).
    Removing stm32f10x_tim.o(i.TIM_ClearOC3Ref), (12 bytes).
    Removing stm32f10x_tim.o(i.TIM_ClearOC4Ref), (20 bytes).
    Removing stm32f10x_tim.o(i.TIM_Cmd), (20 bytes).
    Removing stm32f10x_tim.o(i.TIM_CounterModeConfig), (12 bytes).
    Removing stm32f10x_tim.o(i.TIM_CtrlPWMOutputs), (22 bytes).
    Removing stm32f10x_tim.o(i.TIM_DMACmd), (16 bytes).
    Removing stm32f10x_tim.o(i.TIM_DMAConfig), (8 bytes).
    Removing stm32f10x_tim.o(i.TIM_DeInit), (368 bytes).
    Removing stm32f10x_tim.o(i.TIM_ETRClockMode1Config), (18 bytes).
    Removing stm32f10x_tim.o(i.TIM_ETRClockMode2Config), (18 bytes).
    Removing stm32f10x_tim.o(i.TIM_ETRConfig), (24 bytes).
    Removing stm32f10x_tim.o(i.TIM_EncoderInterfaceConfig), (50 bytes).
    Removing stm32f10x_tim.o(i.TIM_ForcedOC1Config), (12 bytes).
    Removing stm32f10x_tim.o(i.TIM_ForcedOC2Config), (20 bytes).
    Removing stm32f10x_tim.o(i.TIM_ForcedOC3Config), (12 bytes).
    Removing stm32f10x_tim.o(i.TIM_ForcedOC4Config), (20 bytes).
    Removing stm32f10x_tim.o(i.TIM_GenerateEvent), (4 bytes).
    Removing stm32f10x_tim.o(i.TIM_GetCapture1), (4 bytes).
    Removing stm32f10x_tim.o(i.TIM_GetCapture2), (4 bytes).
    Removing stm32f10x_tim.o(i.TIM_GetCapture3), (4 bytes).
    Removing stm32f10x_tim.o(i.TIM_GetCapture4), (6 bytes).
    Removing stm32f10x_tim.o(i.TIM_GetCounter), (4 bytes).
    Removing stm32f10x_tim.o(i.TIM_GetFlagStatus), (14 bytes).
    Removing stm32f10x_tim.o(i.TIM_GetPrescaler), (4 bytes).
    Removing stm32f10x_tim.o(i.TIM_ICInit), (300 bytes).
    Removing stm32f10x_tim.o(i.TIM_ICStructInit), (16 bytes).
    Removing stm32f10x_tim.o(i.TIM_ITConfig), (16 bytes).
    Removing stm32f10x_tim.o(i.TIM_ITRxExternalClockConfig), (18 bytes).
    Removing stm32f10x_tim.o(i.TIM_InternalClockConfig), (10 bytes).
    Removing stm32f10x_tim.o(i.TIM_OC1FastConfig), (12 bytes).
    Removing stm32f10x_tim.o(i.TIM_OC1Init), (128 bytes).
    Removing stm32f10x_tim.o(i.TIM_OC1NPolarityConfig), (12 bytes).
    Removing stm32f10x_tim.o(i.TIM_OC1PolarityConfig), (12 bytes).
    Removing stm32f10x_tim.o(i.TIM_OC1PreloadConfig), (12 bytes).
    Removing stm32f10x_tim.o(i.TIM_OC2FastConfig), (20 bytes).
    Removing stm32f10x_tim.o(i.TIM_OC2Init), (128 bytes).
    Removing stm32f10x_tim.o(i.TIM_OC2NPolarityConfig), (20 bytes).
    Removing stm32f10x_tim.o(i.TIM_OC2PolarityConfig), (20 bytes).
    Removing stm32f10x_tim.o(i.TIM_OC2PreloadConfig), (20 bytes).
    Removing stm32f10x_tim.o(i.TIM_OC3FastConfig), (12 bytes).
    Removing stm32f10x_tim.o(i.TIM_OC3Init), (124 bytes).
    Removing stm32f10x_tim.o(i.TIM_OC3NPolarityConfig), (20 bytes).
    Removing stm32f10x_tim.o(i.TIM_OC3PolarityConfig), (20 bytes).
    Removing stm32f10x_tim.o(i.TIM_OC3PreloadConfig), (12 bytes).
    Removing stm32f10x_tim.o(i.TIM_OC4FastConfig), (20 bytes).
    Removing stm32f10x_tim.o(i.TIM_OC4Init), (100 bytes).
    Removing stm32f10x_tim.o(i.TIM_OC4PolarityConfig), (20 bytes).
    Removing stm32f10x_tim.o(i.TIM_OC4PreloadConfig), (20 bytes).
    Removing stm32f10x_tim.o(i.TIM_OCStructInit), (20 bytes).
    Removing stm32f10x_tim.o(i.TIM_PWMIConfig), (108 bytes).
    Removing stm32f10x_tim.o(i.TIM_PrescalerConfig), (6 bytes).
    Removing stm32f10x_tim.o(i.TIM_SelectCCDMA), (20 bytes).
    Removing stm32f10x_tim.o(i.TIM_SelectCOM), (20 bytes).
    Removing stm32f10x_tim.o(i.TIM_SelectHallSensor), (20 bytes).
    Removing stm32f10x_tim.o(i.TIM_SelectInputTrigger), (12 bytes).
    Removing stm32f10x_tim.o(i.TIM_SelectMasterSlaveMode), (16 bytes).
    Removing stm32f10x_tim.o(i.TIM_SelectOCxM), (70 bytes).
    Removing stm32f10x_tim.o(i.TIM_SelectOnePulseMode), (16 bytes).
    Removing stm32f10x_tim.o(i.TIM_SelectOutputTrigger), (16 bytes).
    Removing stm32f10x_tim.o(i.TIM_SelectSlaveMode), (16 bytes).
    Removing stm32f10x_tim.o(i.TIM_SetAutoreload), (4 bytes).
    Removing stm32f10x_tim.o(i.TIM_SetClockDivision), (16 bytes).
    Removing stm32f10x_tim.o(i.TIM_SetCompare1), (4 bytes).
    Removing stm32f10x_tim.o(i.TIM_SetCompare2), (4 bytes).
    Removing stm32f10x_tim.o(i.TIM_SetCompare3), (4 bytes).
    Removing stm32f10x_tim.o(i.TIM_SetCompare4), (6 bytes).
    Removing stm32f10x_tim.o(i.TIM_SetCounter), (4 bytes).
    Removing stm32f10x_tim.o(i.TIM_SetIC1Prescaler), (16 bytes).
    Removing stm32f10x_tim.o(i.TIM_SetIC2Prescaler), (24 bytes).
    Removing stm32f10x_tim.o(i.TIM_SetIC3Prescaler), (16 bytes).
    Removing stm32f10x_tim.o(i.TIM_SetIC4Prescaler), (24 bytes).
    Removing stm32f10x_tim.o(i.TIM_TIxExternalClockConfig), (46 bytes).
    Removing stm32f10x_tim.o(i.TIM_TimeBaseInit), (156 bytes).
    Removing stm32f10x_tim.o(i.TIM_TimeBaseStructInit), (18 bytes).
    Removing stm32f10x_tim.o(i.TIM_UpdateDisableConfig), (20 bytes).
    Removing stm32f10x_tim.o(i.TIM_UpdateRequestConfig), (20 bytes).
    Removing stm32f10x_usart.o(i.USART_ClockInit), (30 bytes).
    Removing stm32f10x_usart.o(i.USART_ClockStructInit), (12 bytes).
    Removing stm32f10x_usart.o(i.USART_DMACmd), (16 bytes).
    Removing stm32f10x_usart.o(i.USART_DeInit), (116 bytes).
    Removing stm32f10x_usart.o(i.USART_HalfDuplexCmd), (20 bytes).
    Removing stm32f10x_usart.o(i.USART_IrDACmd), (20 bytes).
    Removing stm32f10x_usart.o(i.USART_IrDAConfig), (16 bytes).
    Removing stm32f10x_usart.o(i.USART_LINBreakDetectLengthConfig), (16 bytes).
    Removing stm32f10x_usart.o(i.USART_LINCmd), (20 bytes).
    Removing stm32f10x_usart.o(i.USART_OneBitMethodCmd), (20 bytes).
    Removing stm32f10x_usart.o(i.USART_OverSampling8Cmd), (20 bytes).
    Removing stm32f10x_usart.o(i.USART_ReceiverWakeUpCmd), (20 bytes).
    Removing stm32f10x_usart.o(i.USART_SendBreak), (10 bytes).
    Removing stm32f10x_usart.o(i.USART_SetAddress), (16 bytes).
    Removing stm32f10x_usart.o(i.USART_SetGuardTime), (16 bytes).
    Removing stm32f10x_usart.o(i.USART_SetPrescaler), (16 bytes).
    Removing stm32f10x_usart.o(i.USART_SmartCardCmd), (20 bytes).
    Removing stm32f10x_usart.o(i.USART_SmartCardNACKCmd), (20 bytes).
    Removing stm32f10x_usart.o(i.USART_WakeUpConfig), (16 bytes).
    Removing stm32f10x_wwdg.o(i.WWDG_ClearFlag), (12 bytes).
    Removing stm32f10x_wwdg.o(i.WWDG_DeInit), (24 bytes).
    Removing stm32f10x_wwdg.o(i.WWDG_Enable), (16 bytes).
    Removing stm32f10x_wwdg.o(i.WWDG_EnableIT), (12 bytes).
    Removing stm32f10x_wwdg.o(i.WWDG_GetFlagStatus), (12 bytes).
    Removing stm32f10x_wwdg.o(i.WWDG_SetCounter), (16 bytes).
    Removing stm32f10x_wwdg.o(i.WWDG_SetPrescaler), (20 bytes).
    Removing stm32f10x_wwdg.o(i.WWDG_SetWindowValue), (28 bytes).
    Removing main.o(i.Dummy_IntHandler), (40 bytes).
    Removing stm32f10x_it.o(i.PendSV_Handler), (2 bytes).
    Removing stm32f10x_it.o(i.SVC_Handler), (2 bytes).
    Removing startup_stm32f10x_freertos.o(HEAP), (512 bytes).
    Removing croutine.o(i.prvCheckDelayedList), (132 bytes).
    Removing croutine.o(i.vCoRoutineAddToDelayedList), (64 bytes).
    Removing croutine.o(i.vCoRoutineSchedule), (156 bytes).
    Removing croutine.o(i.xCoRoutineCreate), (176 bytes).
    Removing croutine.o(i.xCoRoutineRemoveFromEventList), (52 bytes).
    Removing croutine.o(.bss), (100 bytes).
    Removing croutine.o(.data), (28 bytes).
    Removing event_groups.o(i.prvTestWaitCondition), (20 bytes).
    Removing event_groups.o(i.vEventGroupClearBitsCallback), (4 bytes).
    Removing event_groups.o(i.vEventGroupDelete), (44 bytes).
    Removing event_groups.o(i.vEventGroupSetBitsCallback), (4 bytes).
    Removing event_groups.o(i.xEventGroupClearBits), (26 bytes).
    Removing event_groups.o(i.xEventGroupCreate), (26 bytes).
    Removing event_groups.o(i.xEventGroupGetBitsFromISR), (18 bytes).
    Removing event_groups.o(i.xEventGroupSetBits), (100 bytes).
    Removing event_groups.o(i.xEventGroupSync), (120 bytes).
    Removing event_groups.o(i.xEventGroupWaitBits), (160 bytes).
    Removing list.o(i.vListInitialise), (22 bytes).
    Removing list.o(i.vListInitialiseItem), (6 bytes).
    Removing list.o(i.vListInsert), (48 bytes).
    Removing queue.o(i.prvCopyDataFromQueue), (40 bytes).
    Removing queue.o(i.prvCopyDataToQueue), (88 bytes).
    Removing queue.o(i.prvUnlockQueue), (100 bytes).
    Removing queue.o(i.uxQueueMessagesWaiting), (18 bytes).
    Removing queue.o(i.uxQueueMessagesWaitingFromISR), (4 bytes).
    Removing queue.o(i.uxQueueSpacesAvailable), (22 bytes).
    Removing queue.o(i.vQueueDelete), (22 bytes).
    Removing queue.o(i.xQueueGenericCreate), (66 bytes).
    Removing queue.o(i.xQueueGenericReceive), (230 bytes).
    Removing queue.o(i.xQueueGenericReset), (96 bytes).
    Removing queue.o(i.xQueueGenericSend), (214 bytes).
    Removing queue.o(i.xQueueGenericSendFromISR), (98 bytes).
    Removing queue.o(i.xQueueIsQueueEmptyFromISR), (12 bytes).
    Removing queue.o(i.xQueueIsQueueFullFromISR), (16 bytes).
    Removing queue.o(i.xQueuePeekFromISR), (48 bytes).
    Removing queue.o(i.xQueueReceiveFromISR), (92 bytes).
    Removing tasks.o(i.prvAddCurrentTaskToDelayedList), (52 bytes).
    Removing tasks.o(i.prvCheckTasksWaitingTermination), (84 bytes).
    Removing tasks.o(i.prvIdleTask), (24 bytes).
    Removing tasks.o(i.prvTaskIsTaskSuspended), (32 bytes).
    Removing tasks.o(i.uxTaskGetNumberOfTasks), (12 bytes).
    Removing tasks.o(i.uxTaskPriorityGet), (28 bytes).
    Removing tasks.o(i.uxTaskResetEventItemValue), (24 bytes).
    Removing tasks.o(i.vTaskDelay), (52 bytes).
    Removing tasks.o(i.vTaskDelayUntil), (80 bytes).
    Removing tasks.o(i.vTaskDelete), (104 bytes).
    Removing tasks.o(i.vTaskEndScheduler), (24 bytes).
    Removing tasks.o(i.vTaskMissedYield), (12 bytes).
    Removing tasks.o(i.vTaskPlaceOnEventList), (60 bytes).
    Removing tasks.o(i.vTaskPlaceOnUnorderedEventList), (68 bytes).
    Removing tasks.o(i.vTaskPrioritySet), (144 bytes).
    Removing tasks.o(i.vTaskResume), (92 bytes).
    Removing tasks.o(i.vTaskSetTimeOutState), (16 bytes).
    Removing tasks.o(i.vTaskStartScheduler), (68 bytes).
    Removing tasks.o(i.vTaskSuspend), (116 bytes).
    Removing tasks.o(i.vTaskSuspendAll), (16 bytes).
    Removing tasks.o(i.xTaskCheckForTimeOut), (72 bytes).
    Removing tasks.o(i.xTaskGenericCreate), (344 bytes).
    Removing tasks.o(i.xTaskGetTickCount), (24 bytes).
    Removing tasks.o(i.xTaskGetTickCountFromISR), (24 bytes).
    Removing tasks.o(i.xTaskRemoveFromEventList), (92 bytes).
    Removing tasks.o(i.xTaskRemoveFromUnorderedEventList), (76 bytes).
    Removing tasks.o(i.xTaskResumeAll), (156 bytes).
    Removing tasks.o(i.xTaskResumeFromISR), (104 bytes).
    Removing heap_2.o(i.pvPortMalloc), (180 bytes).
    Removing heap_2.o(i.vPortFree), (60 bytes).
    Removing heap_2.o(i.vPortInitialiseBlocks), (2 bytes).
    Removing heap_2.o(i.xPortGetFreeHeapSize), (12 bytes).
    Removing heap_2.o(.bss), (17408 bytes).
    Removing heap_2.o(.data), (24 bytes).
    Removing port.o(i.prvTaskExitError), (6 bytes).
    Removing port.o(i.pxPortInitialiseStack), (32 bytes).
    Removing port.o(i.vPortEndScheduler), (2 bytes).
    Removing port.o(i.vPortEnterCritical), (28 bytes).
    Removing port.o(i.vPortExitCritical), (20 bytes).
    Removing port.o(i.vPortSetupTimerInterrupt), (20 bytes).
    Removing port.o(i.vPortYield), (24 bytes).
    Removing port.o(i.xPortStartScheduler), (48 bytes).
    Removing port.o(.data), (4 bytes).
    Removing stm32f10x_wtd_74hc165.o(i.Driver_74hc165), (104 bytes).
    Removing stm32f10x_wtd_74hc165.o(i.Driver_74hc165_Init), (118 bytes).
    Removing stm32f10x_wtd_74hc595.o(i.Driver_74hc595_Ctrl), (106 bytes).
    Removing stm32f10x_wtd_74hc595.o(i.Driver_74hc595_Init), (112 bytes).
    Removing stm32f10x_wtd_eeprom.o(i.AT24C02_ReadByte), (58 bytes).
    Removing stm32f10x_wtd_eeprom.o(i.AT24C02_WriteByte), (54 bytes).
    Removing stm32f10x_wtd_eeprom.o(i.E2P_Read16BKUP), (68 bytes).
    Removing stm32f10x_wtd_eeprom.o(i.E2P_ReadBKUP), (82 bytes).
    Removing stm32f10x_wtd_eeprom.o(i.E2P_Write16BKUP), (30 bytes).
    Removing stm32f10x_wtd_eeprom.o(i.E2P_WriteBKUP), (60 bytes).
    Removing stm32f10x_wtd_eeprom.o(i.IIC_Read_Byte), (168 bytes).
    Removing stm32f10x_wtd_eeprom.o(i.IIC_Send_Byte), (88 bytes).
    Removing stm32f10x_wtd_eeprom.o(i.IIC_Start), (60 bytes).
    Removing stm32f10x_wtd_eeprom.o(i.IIC_Stop), (68 bytes).
    Removing stm32f10x_wtd_eeprom.o(i.IIC_Wait_Ack), (88 bytes).
    Removing stm32f10x_wtd_eeprom.o(i.SDA_IN), (36 bytes).
    Removing stm32f10x_wtd_eeprom.o(i.SDA_OUT), (36 bytes).
    Removing stm32f10x_wtd_eeprom.o(i.delay_ms), (10 bytes).
    Removing stm32f10x_wtd_eeprom.o(i.delay_us), (18 bytes).
    Removing stm32f10x_wtd_eeprom.o(i.woken), (30 bytes).
    Removing stm32f10x_wtd_led.o(i.Driver_LedInit), (48 bytes).
    Removing stm32f10x_wtd_led.o(i.Driver_LedSToPCtrl), (12 bytes).
    Removing stm32f10x_wtd_led.o(.bss), (24 bytes).
    Removing stm32f10x_wtd_spi.o(i.Driver_Spi_Close), (10 bytes).
    Removing stm32f10x_wtd_spi.o(i.Driver_Spi_DMAInit), (144 bytes).
    Removing stm32f10x_wtd_spi.o(i.Driver_Spi_DeInit), (28 bytes).
    Removing stm32f10x_wtd_spi.o(i.Driver_Spi_Init), (188 bytes).
    Removing stm32f10x_wtd_spi.o(i.Driver_Spi_Open), (18 bytes).
    Removing stm32f10x_wtd_spi.o(i.Driver_Spi_Read), (104 bytes).
    Removing stm32f10x_wtd_spi.o(i.Driver_Spi_Write), (104 bytes).
    Removing stm32f10x_wtd_spi.o(.bss), (64 bytes).
    Removing stm32f10x_wtd_usart.o(.bss), (200 bytes).
    Removing stm32f10x_wtd_usart.o(.data), (2 bytes).
    Removing stm32f10x_wtd_int.o(i.Driver_IntRegister), (16 bytes).
    Removing stm32f10x_wtd_int.o(i.Driver_IntUnregister), (24 bytes).
    Removing stm32f10x_wtd_int.o(i.IntDefaultHandler), (2 bytes).
    Removing system_stm32f10x.o(i.SystemCoreClockUpdate), (104 bytes).
    Removing system_stm32f10x.o(.data), (20 bytes).
    Removing stm32f10x_wtd_digital_if.o(i.DigitalCoilCB), (152 bytes).
    Removing stm32f10x_wtd_digital_if.o(i.DigitalHoldingRegCB), (152 bytes).
    Removing stm32f10x_wtd_digital_if.o(i.Digital_GetSafyCoilState), (12 bytes).
    Removing stm32f10x_wtd_digital_if.o(i.Digital_GetSafyEnable), (12 bytes).
    Removing stm32f10x_wtd_digital_if.o(i.Digital_GetSafyOccur), (12 bytes).
    Removing stm32f10x_wtd_digital_if.o(i.Digital_GetSafyTimeOut), (12 bytes).
    Removing stm32f10x_wtd_digital_if.o(i.Digital_SetSafyCoilState), (12 bytes).
    Removing stm32f10x_wtd_digital_if.o(i.Digital_SetSafyEnable), (12 bytes).
    Removing stm32f10x_wtd_digital_if.o(i.Digital_SetSafyTimeOut), (12 bytes).
    Removing stm32f10x_wtd_digital_if.o(i.Set_DigitalState), (32 bytes).
    Removing stm32f10x_wtd_digital_if.o(i.if_Digital_Proc), (176 bytes).
    Removing stm32f10x_wtd_digital_if.o(i.if_Digital_init), (196 bytes).
    Removing stm32f10x_wtd_digital_if.o(.bss), (24 bytes).
    Removing stm32f10x_wtd_digital_if.o(.data), (24 bytes).
    Removing mbfunc.o(i.eMBRegCoilsCB), (4 bytes).
    Removing mbfunc.o(i.eMBRegDiscreteCB), (4 bytes).
    Removing mbfunc.o(i.eMBRegHoldingCB), (100 bytes).
    Removing mbfunc.o(i.eMBRegInputCB), (72 bytes).
    Removing mbfunc.o(.bss), (192 bytes).
    Removing mbfunc.o(.data), (4 bytes).
    Removing mbmasterfunc.o(i.eModbus_Read_Coil_Status), (84 bytes).
    Removing mbmasterfunc.o(i.eModbus_Read_Holding_Register), (84 bytes).
    Removing mbmasterfunc.o(i.eModbus_Read_Input_Register), (84 bytes).
    Removing mbmasterfunc.o(i.eModbus_Read_Input_Status), (84 bytes).
    Removing mbmasterfunc.o(i.eModbus_Write_Multiple_Coils), (76 bytes).
    Removing mbmasterfunc.o(i.eModbus_Write_Single_Coil), (68 bytes).
    Removing portevent.o(i.vMBPortEventClose), (24 bytes).
    Removing portevent.o(i.xMBPortEventGet), (32 bytes).
    Removing portevent.o(i.xMBPortEventInit), (32 bytes).
    Removing portevent.o(i.xMBPortEventPost), (44 bytes).
    Removing portevent.o(.data), (4 bytes).
    Removing portother.o(i.bMBPortIsWithinException), (12 bytes).
    Removing portother.o(i.vMBPortClose), (18 bytes).
    Removing portother.o(i.vMBPortEnterCritical), (4 bytes).
    Removing portother.o(i.vMBPortExitCritical), (4 bytes).
    Removing portother.o(i.vMBPortMutexLock), (60 bytes).
    Removing portother.o(i.vMBPortMutexUnlock), (24 bytes).
    Removing portother.o(i.vMBPortWaitEnd), (40 bytes).
    Removing portother.o(i.vMBPortWaitStart), (64 bytes).
    Removing portserial.o(i.prvvMBSerialIRQHandler), (144 bytes).
    Removing portserial.o(i.vMBPortSerialClose), (136 bytes).
    Removing portserial.o(i.vMBPortSerialEnable), (332 bytes).
    Removing portserial.o(i.xMBPortSerialGetByte), (36 bytes).
    Removing portserial.o(i.xMBPortSerialInit), (432 bytes).
    Removing portserial.o(i.xMBPortSerialPutByte), (36 bytes).
    Removing portserial.o(.constdata), (72 bytes).
    Removing portserial.o(.data), (1 bytes).
    Removing porttimer.o(i.bMBPortTimerWaitEnable), (12 bytes).
    Removing porttimer.o(i.vMBPortTimerClose), (52 bytes).
    Removing porttimer.o(i.vMBPortTimersDelay), (4 bytes).
    Removing porttimer.o(i.vMBPortTimersDisable), (34 bytes).
    Removing porttimer.o(i.vMBPortTimersEnable), (44 bytes).
    Removing porttimer.o(i.xMBPortTimersInit), (152 bytes).
    Removing porttimer.o(.data), (4 bytes).
    Removing mb.o(i.eGetPollingThreadState), (24 bytes).
    Removing mb.o(i.eMBClose), (32 bytes).
    Removing mb.o(i.eMBDisable), (32 bytes).
    Removing mb.o(i.eMBEnable), (32 bytes).
    Removing mb.o(i.eMBInit), (252 bytes).
    Removing mb.o(i.eMBPoll), (196 bytes).
    Removing mb.o(i.eMBRegisterCB), (112 bytes).
    Removing mb.o(i.eMBStartPolling), (46 bytes).
    Removing mb.o(i.vMBFrameGetBuffer), (12 bytes).
    Removing mb.o(i.vSetPollingThreadState), (24 bytes).
    Removing mb.o(.data), (4 bytes).
    Removing mb.o(.data), (4 bytes).
    Removing mbcrc.o(i.usMBCRC16), (48 bytes).
    Removing mbcrc.o(.constdata), (512 bytes).
    Removing mbrtu.o(i.eMBRTUInit), (84 bytes).
    Removing mbrtu.o(i.eMBRTUReceive), (76 bytes).
    Removing mbrtu.o(i.eMBRTUSend), (108 bytes).
    Removing mbrtu.o(i.eMBRTUStart), (32 bytes).
    Removing mbrtu.o(i.eMBRTUStop), (26 bytes).
    Removing mbrtu.o(i.vMBRTUGetBuffer), (12 bytes).
    Removing mbrtu.o(i.xMBRTUReceiveFSM), (96 bytes).
    Removing mbrtu.o(i.xMBRTUTimerT35Expired), (40 bytes).
    Removing mbrtu.o(i.xMBRTUTransmitFSM), (80 bytes).
    Removing mbrtu.o(.bss), (256 bytes).
    Removing mbrtu.o(.data), (12 bytes).
    Removing mbfunccoils.o(i.vMBFuncReadCoils), (24 bytes).
    Removing mbfunccoils.o(i.vMBFuncWriteCoil), (22 bytes).
    Removing mbfunccoils.o(i.vMBFuncWriteMultipleCoils), (58 bytes).
    Removing mbfuncdisc.o(i.vMBFuncReadDiscreteInputs), (24 bytes).
    Removing mbfuncholding.o(i.eMBFuncReadWriteMultipleHoldingRegister), (154 bytes).
    Removing mbfuncholding.o(i.eMBFuncWriteHoldingRegister), (50 bytes).
    Removing mbfuncholding.o(i.eMBFuncWriteMultipleHoldingRegister), (78 bytes).
    Removing mbfuncholding.o(i.vMBFuncReadHoldingRegister), (24 bytes).
    Removing mbfuncinput.o(i.vMBFuncReadInputRegister), (24 bytes).
    Removing mbfuncother.o(i.eMBSetSlaveID), (72 bytes).
    Removing mbutils.o(i.prveMBError2Exception), (24 bytes).
    Removing mbutils.o(i.xMBUtilGetBits), (34 bytes).
    Removing mbutils.o(i.xMBUtilSetBits), (42 bytes).
    Removing mbascii.o(i.eMBASCIIInit), (72 bytes).
    Removing mbascii.o(i.eMBASCIIReceive), (72 bytes).
    Removing mbascii.o(i.eMBASCIISend), (88 bytes).
    Removing mbascii.o(i.eMBASCIIStart), (40 bytes).
    Removing mbascii.o(i.eMBASCIIStop), (26 bytes).
    Removing mbascii.o(i.prvucMBBIN2CHAR), (26 bytes).
    Removing mbascii.o(i.prvucMBLRC), (28 bytes).
    Removing mbascii.o(i.vMBASCIIGetBuffer), (16 bytes).
    Removing mbascii.o(i.xMBASCIIReceiveFSM), (220 bytes).
    Removing mbascii.o(i.xMBASCIITimerT1SExpired), (32 bytes).
    Removing mbascii.o(i.xMBASCIITransmitFSM), (164 bytes).
    Removing mbascii.o(.data), (16 bytes).
    Removing dadd.o(.text), (334 bytes).
    Removing dmul.o(.text), (228 bytes).
    Removing ddiv.o(.text), (222 bytes).
    Removing dfixul.o(.text), (48 bytes).
    Removing cdrcmple.o(.text), (40 bytes).
    Removing depilogue.o(.text), (190 bytes).

670 unused section(s) (total 47263 bytes) removed from the image.

==============================================================================

Image Symbol Table

    Local Symbols

    Symbol Name                              Value     Ov Type        Size  Object(Section)

    ../clib/microlib/division.c              0x00000000   Number         0  uidiv.o ABSOLUTE
    ../clib/microlib/division.c              0x00000000   Number         0  uldiv.o ABSOLUTE
    ../clib/microlib/init/entry.s            0x00000000   Number         0  entry2.o ABSOLUTE
    ../clib/microlib/init/entry.s            0x00000000   Number         0  entry11b.o ABSOLUTE
    ../clib/microlib/init/entry.s            0x00000000   Number         0  entry5.o ABSOLUTE
    ../clib/microlib/init/entry.s            0x00000000   Number         0  entry7b.o ABSOLUTE
    ../clib/microlib/init/entry.s            0x00000000   Number         0  entry.o ABSOLUTE
    ../clib/microlib/init/entry.s            0x00000000   Number         0  entry8a.o ABSOLUTE
    ../clib/microlib/init/entry.s            0x00000000   Number         0  entry8b.o ABSOLUTE
    ../clib/microlib/init/entry.s            0x00000000   Number         0  entry9a.o ABSOLUTE
    ../clib/microlib/init/entry.s            0x00000000   Number         0  entry9b.o ABSOLUTE
    ../clib/microlib/init/entry.s            0x00000000   Number         0  entry7a.o ABSOLUTE
    ../clib/microlib/init/entry.s            0x00000000   Number         0  entry10a.o ABSOLUTE
    ../clib/microlib/init/entry.s            0x00000000   Number         0  entry10b.o ABSOLUTE
    ../clib/microlib/init/entry.s            0x00000000   Number         0  entry11a.o ABSOLUTE
    ../clib/microlib/longlong.c              0x00000000   Number         0  llushr.o ABSOLUTE
    ../clib/microlib/longlong.c              0x00000000   Number         0  llshl.o ABSOLUTE
    ../clib/microlib/longlong.c              0x00000000   Number         0  llsshr.o ABSOLUTE
    ../clib/microlib/printf/printf.c         0x00000000   Number         0  printf8.o ABSOLUTE
    ../clib/microlib/printf/printf.c         0x00000000   Number         0  printf7.o ABSOLUTE
    ../clib/microlib/printf/printf.c         0x00000000   Number         0  printf3.o ABSOLUTE
    ../clib/microlib/printf/printf.c         0x00000000   Number         0  printf6.o ABSOLUTE
    ../clib/microlib/printf/printf.c         0x00000000   Number         0  printfb.o ABSOLUTE
    ../clib/microlib/printf/printf.c         0x00000000   Number         0  printf0.o ABSOLUTE
    ../clib/microlib/printf/printf.c         0x00000000   Number         0  printf1.o ABSOLUTE
    ../clib/microlib/printf/printf.c         0x00000000   Number         0  printf2.o ABSOLUTE
    ../clib/microlib/printf/printf.c         0x00000000   Number         0  printfa.o ABSOLUTE
    ../clib/microlib/printf/printf.c         0x00000000   Number         0  printf4.o ABSOLUTE
    ../clib/microlib/printf/printf.c         0x00000000   Number         0  printf5.o ABSOLUTE
    ../clib/microlib/printf/stubs.s          0x00000000   Number         0  stubs.o ABSOLUTE
    ../clib/microlib/stdio/streams.c         0x00000000   Number         0  stdout.o ABSOLUTE
    ../clib/microlib/string/memcpy.c         0x00000000   Number         0  memcpya.o ABSOLUTE
    ../clib/microlib/string/memcpy.c         0x00000000   Number         0  memcpyb.o ABSOLUTE
    ../clib/microlib/stubs.s                 0x00000000   Number         0  iusefp.o ABSOLUTE
    ../fplib/microlib/fpadd.c                0x00000000   Number         0  dadd.o ABSOLUTE
    ../fplib/microlib/fpdiv.c                0x00000000   Number         0  ddiv.o ABSOLUTE
    ../fplib/microlib/fpepilogue.c           0x00000000   Number         0  depilogue.o ABSOLUTE
    ../fplib/microlib/fpfix.c                0x00000000   Number         0  dfixul.o ABSOLUTE
    ../fplib/microlib/fpmul.c                0x00000000   Number         0  dmul.o ABSOLUTE
    ..\..\..\..\Libraries\CMSIS\CM3\DeviceSupport\ST\STM32F10x\system_stm32f10x.c 0x00000000   Number         0  system_stm32f10x.o ABSOLUTE
    ..\..\..\..\Libraries\STM32F10x_StdPeriph_Driver\src\misc.c 0x00000000   Number         0  misc.o ABSOLUTE
    ..\..\..\..\Libraries\STM32F10x_StdPeriph_Driver\src\stm32f10x_adc.c 0x00000000   Number         0  stm32f10x_adc.o ABSOLUTE
    ..\..\..\..\Libraries\STM32F10x_StdPeriph_Driver\src\stm32f10x_bkp.c 0x00000000   Number         0  stm32f10x_bkp.o ABSOLUTE
    ..\..\..\..\Libraries\STM32F10x_StdPeriph_Driver\src\stm32f10x_can.c 0x00000000   Number         0  stm32f10x_can.o ABSOLUTE
    ..\..\..\..\Libraries\STM32F10x_StdPeriph_Driver\src\stm32f10x_cec.c 0x00000000   Number         0  stm32f10x_cec.o ABSOLUTE
    ..\..\..\..\Libraries\STM32F10x_StdPeriph_Driver\src\stm32f10x_crc.c 0x00000000   Number         0  stm32f10x_crc.o ABSOLUTE
    ..\..\..\..\Libraries\STM32F10x_StdPeriph_Driver\src\stm32f10x_dac.c 0x00000000   Number         0  stm32f10x_dac.o ABSOLUTE
    ..\..\..\..\Libraries\STM32F10x_StdPeriph_Driver\src\stm32f10x_dbgmcu.c 0x00000000   Number         0  stm32f10x_dbgmcu.o ABSOLUTE
    ..\..\..\..\Libraries\STM32F10x_StdPeriph_Driver\src\stm32f10x_dma.c 0x00000000   Number         0  stm32f10x_dma.o ABSOLUTE
    ..\..\..\..\Libraries\STM32F10x_StdPeriph_Driver\src\stm32f10x_exti.c 0x00000000   Number         0  stm32f10x_exti.o ABSOLUTE
    ..\..\..\..\Libraries\STM32F10x_StdPeriph_Driver\src\stm32f10x_flash.c 0x00000000   Number         0  stm32f10x_flash.o ABSOLUTE
    ..\..\..\..\Libraries\STM32F10x_StdPeriph_Driver\src\stm32f10x_fsmc.c 0x00000000   Number         0  stm32f10x_fsmc.o ABSOLUTE
    ..\..\..\..\Libraries\STM32F10x_StdPeriph_Driver\src\stm32f10x_gpio.c 0x00000000   Number         0  stm32f10x_gpio.o ABSOLUTE
    ..\..\..\..\Libraries\STM32F10x_StdPeriph_Driver\src\stm32f10x_i2c.c 0x00000000   Number         0  stm32f10x_i2c.o ABSOLUTE
    ..\..\..\..\Libraries\STM32F10x_StdPeriph_Driver\src\stm32f10x_iwdg.c 0x00000000   Number         0  stm32f10x_iwdg.o ABSOLUTE
    ..\..\..\..\Libraries\STM32F10x_StdPeriph_Driver\src\stm32f10x_pwr.c 0x00000000   Number         0  stm32f10x_pwr.o ABSOLUTE
    ..\..\..\..\Libraries\STM32F10x_StdPeriph_Driver\src\stm32f10x_rcc.c 0x00000000   Number         0  stm32f10x_rcc.o ABSOLUTE
    ..\..\..\..\Libraries\STM32F10x_StdPeriph_Driver\src\stm32f10x_rtc.c 0x00000000   Number         0  stm32f10x_rtc.o ABSOLUTE
    ..\..\..\..\Libraries\STM32F10x_StdPeriph_Driver\src\stm32f10x_sdio.c 0x00000000   Number         0  stm32f10x_sdio.o ABSOLUTE
    ..\..\..\..\Libraries\STM32F10x_StdPeriph_Driver\src\stm32f10x_spi.c 0x00000000   Number         0  stm32f10x_spi.o ABSOLUTE
    ..\..\..\..\Libraries\STM32F10x_StdPeriph_Driver\src\stm32f10x_tim.c 0x00000000   Number         0  stm32f10x_tim.o ABSOLUTE
    ..\..\..\..\Libraries\STM32F10x_StdPeriph_Driver\src\stm32f10x_usart.c 0x00000000   Number         0  stm32f10x_usart.o ABSOLUTE
    ..\..\..\..\Libraries\STM32F10x_StdPeriph_Driver\src\stm32f10x_wwdg.c 0x00000000   Number         0  stm32f10x_wwdg.o ABSOLUTE
    ..\..\..\..\Utilities\STM32_BSP\STM32F10x_Driver\stm32f10x_wtd_74hc165.c 0x00000000   Number         0  stm32f10x_wtd_74hc165.o ABSOLUTE
    ..\..\..\..\Utilities\STM32_BSP\STM32F10x_Driver\stm32f10x_wtd_74hc595.c 0x00000000   Number         0  stm32f10x_wtd_74hc595.o ABSOLUTE
    ..\..\..\..\Utilities\STM32_BSP\STM32F10x_Driver\stm32f10x_wtd_eeprom.c 0x00000000   Number         0  stm32f10x_wtd_eeprom.o ABSOLUTE
    ..\..\..\..\Utilities\STM32_BSP\STM32F10x_Driver\stm32f10x_wtd_int.c 0x00000000   Number         0  stm32f10x_wtd_int.o ABSOLUTE
    ..\..\..\..\Utilities\STM32_BSP\STM32F10x_Driver\stm32f10x_wtd_led.c 0x00000000   Number         0  stm32f10x_wtd_led.o ABSOLUTE
    ..\..\..\..\Utilities\STM32_BSP\STM32F10x_Driver\stm32f10x_wtd_spi.c 0x00000000   Number         0  stm32f10x_wtd_spi.o ABSOLUTE
    ..\..\..\..\Utilities\STM32_BSP\STM32F10x_Driver\stm32f10x_wtd_usart.c 0x00000000   Number         0  stm32f10x_wtd_usart.o ABSOLUTE
    ..\..\..\..\Utilities\STM32_BSP\STM32F10x_WTD_IF\stm32f10x_wtd_digital_if.c 0x00000000   Number         0  stm32f10x_wtd_digital_if.o ABSOLUTE
    ..\..\..\..\Utilities\STM32_BSP\STM32F10x_WTD_IF\stm32f10x_wtd_relay_if.c 0x00000000   Number         0  stm32f10x_wtd_relay_if.o ABSOLUTE
    ..\..\..\..\Utilities\Third_Party\FreeModbus\mbfunc.c 0x00000000   Number         0  mbfunc.o ABSOLUTE
    ..\..\..\..\Utilities\Third_Party\FreeModbus\mbmasterfunc.c 0x00000000   Number         0  mbmasterfunc.o ABSOLUTE
    ..\..\..\..\Utilities\Third_Party\FreeModbus\modbus\ascii\mbascii.c 0x00000000   Number         0  mbascii.o ABSOLUTE
    ..\..\..\..\Utilities\Third_Party\FreeModbus\modbus\functions\mbfunccoils.c 0x00000000   Number         0  mbfunccoils.o ABSOLUTE
    ..\..\..\..\Utilities\Third_Party\FreeModbus\modbus\functions\mbfuncdiag.c 0x00000000   Number         0  mbfuncdiag.o ABSOLUTE
    ..\..\..\..\Utilities\Third_Party\FreeModbus\modbus\functions\mbfuncdisc.c 0x00000000   Number         0  mbfuncdisc.o ABSOLUTE
    ..\..\..\..\Utilities\Third_Party\FreeModbus\modbus\functions\mbfuncholding.c 0x00000000   Number         0  mbfuncholding.o ABSOLUTE
    ..\..\..\..\Utilities\Third_Party\FreeModbus\modbus\functions\mbfuncinput.c 0x00000000   Number         0  mbfuncinput.o ABSOLUTE
    ..\..\..\..\Utilities\Third_Party\FreeModbus\modbus\functions\mbfuncother.c 0x00000000   Number         0  mbfuncother.o ABSOLUTE
    ..\..\..\..\Utilities\Third_Party\FreeModbus\modbus\functions\mbutils.c 0x00000000   Number         0  mbutils.o ABSOLUTE
    ..\..\..\..\Utilities\Third_Party\FreeModbus\modbus\mb.c 0x00000000   Number         0  mb.o ABSOLUTE
    ..\..\..\..\Utilities\Third_Party\FreeModbus\modbus\rtu\mbcrc.c 0x00000000   Number         0  mbcrc.o ABSOLUTE
    ..\..\..\..\Utilities\Third_Party\FreeModbus\modbus\rtu\mbrtu.c 0x00000000   Number         0  mbrtu.o ABSOLUTE
    ..\..\..\..\Utilities\Third_Party\FreeModbus\port\portevent.c 0x00000000   Number         0  portevent.o ABSOLUTE
    ..\..\..\..\Utilities\Third_Party\FreeModbus\port\portother.c 0x00000000   Number         0  portother.o ABSOLUTE
    ..\..\..\..\Utilities\Third_Party\FreeModbus\port\portserial.c 0x00000000   Number         0  portserial.o ABSOLUTE
    ..\..\..\..\Utilities\Third_Party\FreeModbus\port\porttimer.c 0x00000000   Number         0  porttimer.o ABSOLUTE
    ..\..\..\..\Utilities\Third_Party\FreeRTOS\croutine.c 0x00000000   Number         0  croutine.o ABSOLUTE
    ..\..\..\..\Utilities\Third_Party\FreeRTOS\event_groups.c 0x00000000   Number         0  event_groups.o ABSOLUTE
    ..\..\..\..\Utilities\Third_Party\FreeRTOS\list.c 0x00000000   Number         0  list.o ABSOLUTE
    ..\..\..\..\Utilities\Third_Party\FreeRTOS\portable\MemMang\heap_2.c 0x00000000   Number         0  heap_2.o ABSOLUTE
    ..\..\..\..\Utilities\Third_Party\FreeRTOS\portable\keil\ARM_CM3\port.c 0x00000000   Number         0  port.o ABSOLUTE
    ..\..\..\..\Utilities\Third_Party\FreeRTOS\queue.c 0x00000000   Number         0  queue.o ABSOLUTE
    ..\..\..\..\Utilities\Third_Party\FreeRTOS\tasks.c 0x00000000   Number         0  tasks.o ABSOLUTE
    ..\..\..\..\Utilities\Third_Party\FreeRTOS\timers.c 0x00000000   Number         0  timers.o ABSOLUTE
    ..\\..\\..\\..\\Utilities\\Third_Party\\FreeRTOS\\portable\\keil\\ARM_CM3\\port.c 0x00000000   Number         0  port.o ABSOLUTE
    ..\src\main.c                            0x00000000   Number         0  main.o ABSOLUTE
    ..\src\startup_stm32f10x_freertos.s      0x00000000   Number         0  startup_stm32f10x_freertos.o ABSOLUTE
    ..\src\stm32f10x_it.c                    0x00000000   Number         0  stm32f10x_it.o ABSOLUTE
    cdrcmple.s                               0x00000000   Number         0  cdrcmple.o ABSOLUTE
    dc.s                                     0x00000000   Number         0  dc.o ABSOLUTE
    handlers.s                               0x00000000   Number         0  handlers.o ABSOLUTE
    init.s                                   0x00000000   Number         0  init.o ABSOLUTE
    RESET                                    0x08000000   Section      236  startup_stm32f10x_freertos.o(RESET)
    .ARM.Collect$$$$00000000                 0x080000ec   Section        0  entry.o(.ARM.Collect$$$$00000000)
    .ARM.Collect$$$$00000001                 0x080000ec   Section        4  entry2.o(.ARM.Collect$$$$00000001)
    .ARM.Collect$$$$00000004                 0x080000f0   Section        4  entry5.o(.ARM.Collect$$$$00000004)
    .ARM.Collect$$$$00000008                 0x080000f4   Section        0  entry7b.o(.ARM.Collect$$$$00000008)
    .ARM.Collect$$$$0000000A                 0x080000f4   Section        0  entry8b.o(.ARM.Collect$$$$0000000A)
    .ARM.Collect$$$$0000000B                 0x080000f4   Section        8  entry9a.o(.ARM.Collect$$$$0000000B)
    .ARM.Collect$$$$0000000D                 0x080000fc   Section        0  entry10a.o(.ARM.Collect$$$$0000000D)
    .ARM.Collect$$$$0000000F                 0x080000fc   Section        0  entry11a.o(.ARM.Collect$$$$0000000F)
    .ARM.Collect$$$$00002712                 0x080000fc   Section        4  entry2.o(.ARM.Collect$$$$00002712)
    __lit__00000000                          0x080000fc   Data           4  entry2.o(.ARM.Collect$$$$00002712)
    .emb_text                                0x08000100   Section      158  port.o(.emb_text)
    .text                                    0x080001a0   Section       36  startup_stm32f10x_freertos.o(.text)
    .text                                    0x080001c4   Section        0  memcpya.o(.text)
    .text                                    0x080001e8   Section        0  uldiv.o(.text)
    .text                                    0x0800024c   Section       36  init.o(.text)
    .text                                    0x08000270   Section        0  llshl.o(.text)
    .text                                    0x0800028e   Section        0  llushr.o(.text)
    i.BusFault_Handler                       0x080002ae   Section        0  stm32f10x_it.o(i.BusFault_Handler)
    i.DebugMon_Handler                       0x080002b0   Section        0  stm32f10x_it.o(i.DebugMon_Handler)
    i.Dirver_UsartNVICInit                   0x080002b4   Section        0  stm32f10x_wtd_usart.o(i.Dirver_UsartNVICInit)
    i.Driver_IntRelocate                     0x08000334   Section        0  stm32f10x_wtd_int.o(i.Driver_IntRelocate)
    i.Driver_USART1InterrupHandler           0x0800035c   Section        0  stm32f10x_wtd_usart.o(i.Driver_USART1InterrupHandler)
    i.Driver_USART2InterrupHandler           0x080003b8   Section        0  stm32f10x_wtd_usart.o(i.Driver_USART2InterrupHandler)
    i.Driver_USART3InterrupHandler           0x08000428   Section        0  stm32f10x_wtd_usart.o(i.Driver_USART3InterrupHandler)
    i.Driver_UsartDebugPortSet               0x080004b4   Section        0  stm32f10x_wtd_usart.o(i.Driver_UsartDebugPortSet)
    i.Driver_UsartGPIOInit                   0x080004c0   Section        0  stm32f10x_wtd_usart.o(i.Driver_UsartGPIOInit)
    i.Driver_UsartInit                       0x08000568   Section        0  stm32f10x_wtd_usart.o(i.Driver_UsartInit)
    i.Driver_UsartSendData                   0x08000600   Section        0  stm32f10x_wtd_usart.o(i.Driver_UsartSendData)
    i.E2P_Init                               0x0800062c   Section        0  stm32f10x_wtd_eeprom.o(i.E2P_Init)
    i.EXTI0_IRQHandler                       0x08000678   Section        0  stm32f10x_it.o(i.EXTI0_IRQHandler)
    i.GPIO_Init                              0x0800067c   Section        0  stm32f10x_gpio.o(i.GPIO_Init)
    i.GPIO_SetBits                           0x0800071a   Section        0  stm32f10x_gpio.o(i.GPIO_SetBits)
    i.HardFault_Handler                      0x0800071e   Section        0  stm32f10x_it.o(i.HardFault_Handler)
    i.MemManage_Handler                      0x08000720   Section        0  stm32f10x_it.o(i.MemManage_Handler)
    i.NMI_Handler                            0x08000722   Section        0  stm32f10x_it.o(i.NMI_Handler)
    i.NVIC_Init                              0x08000724   Section        0  misc.o(i.NVIC_Init)
    i.NVIC_PriorityGroupConfig               0x08000788   Section        0  misc.o(i.NVIC_PriorityGroupConfig)
    i.NVIC_SetVectorTable                    0x0800079c   Section        0  misc.o(i.NVIC_SetVectorTable)
    i.RCC_APB1PeriphClockCmd                 0x080007b0   Section        0  stm32f10x_rcc.o(i.RCC_APB1PeriphClockCmd)
    i.RCC_APB2PeriphClockCmd                 0x080007c8   Section        0  stm32f10x_rcc.o(i.RCC_APB2PeriphClockCmd)
    i.RCC_DeInit                             0x080007e0   Section        0  stm32f10x_rcc.o(i.RCC_DeInit)
    i.RCC_GetClocksFreq                      0x08000820   Section        0  stm32f10x_rcc.o(i.RCC_GetClocksFreq)
    i.RCC_GetFlagStatus                      0x080008b4   Section        0  stm32f10x_rcc.o(i.RCC_GetFlagStatus)
    i.RCC_GetSYSCLKSource                    0x080008e4   Section        0  stm32f10x_rcc.o(i.RCC_GetSYSCLKSource)
    i.RCC_HCLKConfig                         0x080008f4   Section        0  stm32f10x_rcc.o(i.RCC_HCLKConfig)
    i.RCC_HSEConfig                          0x08000908   Section        0  stm32f10x_rcc.o(i.RCC_HSEConfig)
    i.RCC_PCLK1Config                        0x0800093c   Section        0  stm32f10x_rcc.o(i.RCC_PCLK1Config)
    i.RCC_PCLK2Config                        0x08000950   Section        0  stm32f10x_rcc.o(i.RCC_PCLK2Config)
    i.RCC_PLLCmd                             0x08000964   Section        0  stm32f10x_rcc.o(i.RCC_PLLCmd)
    i.RCC_PLLConfig                          0x08000970   Section        0  stm32f10x_rcc.o(i.RCC_PLLConfig)
    i.RCC_SYSCLKConfig                       0x08000984   Section        0  stm32f10x_rcc.o(i.RCC_SYSCLKConfig)
    i.SetSysClockTo72                        0x08000998   Section        0  system_stm32f10x.o(i.SetSysClockTo72)
    SetSysClockTo72                          0x08000999   Thumb Code   160  system_stm32f10x.o(i.SetSysClockTo72)
    i.SysTick_CLKSourceConfig                0x08000a40   Section        0  misc.o(i.SysTick_CLKSourceConfig)
    i.SysTick_Handler                        0x08000a58   Section        0  stm32f10x_it.o(i.SysTick_Handler)
    i.SystemInit                             0x08000a5c   Section        0  system_stm32f10x.o(i.SystemInit)
    i.TIM2_IRQHandler                        0x08000aac   Section        0  stm32f10x_it.o(i.TIM2_IRQHandler)
    i.TIM_ClearITPendingBit                  0x08000ab0   Section        0  stm32f10x_tim.o(i.TIM_ClearITPendingBit)
    i.TIM_GetITStatus                        0x08000ab6   Section        0  stm32f10x_tim.o(i.TIM_GetITStatus)
    i.USART1_IRQHandler                      0x08000ace   Section        0  stm32f10x_it.o(i.USART1_IRQHandler)
    i.USART2_IRQHandler                      0x08000ad2   Section        0  stm32f10x_it.o(i.USART2_IRQHandler)
    i.USART3_IRQHandler                      0x08000ad6   Section        0  stm32f10x_it.o(i.USART3_IRQHandler)
    i.USART_ClearFlag                        0x08000ada   Section        0  stm32f10x_usart.o(i.USART_ClearFlag)
    i.USART_ClearITPendingBit                0x08000ae0   Section        0  stm32f10x_usart.o(i.USART_ClearITPendingBit)
    i.USART_Cmd                              0x08000aec   Section        0  stm32f10x_usart.o(i.USART_Cmd)
    i.USART_GetFlagStatus                    0x08000b00   Section        0  stm32f10x_usart.o(i.USART_GetFlagStatus)
    i.USART_GetITStatus                      0x08000b0e   Section        0  stm32f10x_usart.o(i.USART_GetITStatus)
    i.USART_ITConfig                         0x08000b4c   Section        0  stm32f10x_usart.o(i.USART_ITConfig)
    i.USART_Init                             0x08000b7c   Section        0  stm32f10x_usart.o(i.USART_Init)
    i.USART_ReceiveData                      0x08000c30   Section        0  stm32f10x_usart.o(i.USART_ReceiveData)
    i.USART_SendData                         0x08000c38   Section        0  stm32f10x_usart.o(i.USART_SendData)
    i.USART_StructInit                       0x08000c40   Section        0  stm32f10x_usart.o(i.USART_StructInit)
    i.UsageFault_Handler                     0x08000c56   Section        0  stm32f10x_it.o(i.UsageFault_Handler)
    i.__0printf$8                            0x08000c58   Section        0  printf8.o(i.__0printf$8)
    i.__scatterload_copy                     0x08000c78   Section       14  handlers.o(i.__scatterload_copy)
    i.__scatterload_null                     0x08000c86   Section        2  handlers.o(i.__scatterload_null)
    i.__scatterload_zeroinit                 0x08000c88   Section       14  handlers.o(i.__scatterload_zeroinit)
    i._printf_core                           0x08000c98   Section        0  printf8.o(i._printf_core)
    _printf_core                             0x08000c99   Thumb Code   988  printf8.o(i._printf_core)
    i._printf_post_padding                   0x080010a0   Section        0  printf8.o(i._printf_post_padding)
    _printf_post_padding                     0x080010a1   Thumb Code    38  printf8.o(i._printf_post_padding)
    i._printf_pre_padding                    0x080010c6   Section        0  printf8.o(i._printf_pre_padding)
    _printf_pre_padding                      0x080010c7   Thumb Code    48  printf8.o(i._printf_pre_padding)
    i.eMBFuncReportSlaveID                   0x080010f8   Section        0  mbfuncother.o(i.eMBFuncReportSlaveID)
    i.eMBRecvCBFuncDefault                   0x0800111c   Section        0  mbmasterfunc.o(i.eMBRecvCBFuncDefault)
    i.eMBRecvCBFuncException                 0x08001120   Section        0  mbmasterfunc.o(i.eMBRecvCBFuncException)
    i.eMBRecvCBFuncReadDiscrete              0x08001130   Section        0  mbmasterfunc.o(i.eMBRecvCBFuncReadDiscrete)
    i.eMBRecvCBFuncReadReg                   0x08001174   Section        0  mbmasterfunc.o(i.eMBRecvCBFuncReadReg)
    i.fputc                                  0x080011c4   Section        0  stm32f10x_wtd_usart.o(i.fputc)
    i.main                                   0x080011e8   Section        0  main.o(i.main)
    i.prvResetNextTaskUnblockTime            0x08001240   Section        0  tasks.o(i.prvResetNextTaskUnblockTime)
    prvResetNextTaskUnblockTime              0x08001241   Thumb Code    26  tasks.o(i.prvResetNextTaskUnblockTime)
    i.prvSetupHardware                       0x08001260   Section        0  main.o(i.prvSetupHardware)
    prvSetupHardware                         0x08001261   Thumb Code   182  main.o(i.prvSetupHardware)
    i.prvvMBTimerIRQHandler                  0x08001324   Section        0  porttimer.o(i.prvvMBTimerIRQHandler)
    i.uxListRemove                           0x08001354   Section        0  list.o(i.uxListRemove)
    i.vListInsertEnd                         0x08001378   Section        0  list.o(i.vListInsertEnd)
    i.vMBPortSetWithinException              0x08001390   Section        0  portother.o(i.vMBPortSetWithinException)
    i.vTaskSwitchContext                     0x0800139c   Section        0  tasks.o(i.vTaskSwitchContext)
    i.xPortSysTickHandler                    0x080013ec   Section        0  port.o(i.xPortSysTickHandler)
    i.xTaskIncrementTick                     0x08001410   Section        0  tasks.o(i.xTaskIncrementTick)
    .ARM.__AT_0x20000000                     0x20000000   Section      256  stm32f10x_wtd_int.o(.ARM.__AT_0x20000000)
    l_pfnVectors                             0x20000000   Data         256  stm32f10x_wtd_int.o(.ARM.__AT_0x20000000)
    .data                                    0x20000100   Section       20  stm32f10x_rcc.o(.data)
    ADCPrescTable                            0x20000100   Data           4  stm32f10x_rcc.o(.data)
    APBAHBPrescTable                         0x20000104   Data          16  stm32f10x_rcc.o(.data)
    .data                                    0x20000114   Section       56  tasks.o(.data)
    uxTasksDeleted                           0x20000118   Data           4  tasks.o(.data)
    uxCurrentNumberOfTasks                   0x2000011c   Data           4  tasks.o(.data)
    xTickCount                               0x20000120   Data           4  tasks.o(.data)
    uxTopReadyPriority                       0x20000124   Data           4  tasks.o(.data)
    xSchedulerRunning                        0x20000128   Data           4  tasks.o(.data)
    uxPendedTicks                            0x2000012c   Data           4  tasks.o(.data)
    xYieldPending                            0x20000130   Data           4  tasks.o(.data)
    xNumOfOverflows                          0x20000134   Data           4  tasks.o(.data)
    uxTaskNumber                             0x20000138   Data           4  tasks.o(.data)
    xNextTaskUnblockTime                     0x2000013c   Data           4  tasks.o(.data)
    uxSchedulerSuspended                     0x20000140   Data           4  tasks.o(.data)
    pxDelayedTaskList                        0x20000144   Data           4  tasks.o(.data)
    pxOverflowDelayedTaskList                0x20000148   Data           4  tasks.o(.data)
    .data                                    0x2000014c   Section        4  stm32f10x_wtd_usart.o(.data)
    .data                                    0x20000150   Section        8  mbmasterfunc.o(.data)
    pucDataDest                              0x20000150   Data           4  mbmasterfunc.o(.data)
    pusDataDest                              0x20000154   Data           4  mbmasterfunc.o(.data)
    .data                                    0x20000158   Section       12  portother.o(.data)
    bIsWithinException                       0x20000158   Data           1  portother.o(.data)
    bWaitEnable                              0x20000159   Data           1  portother.o(.data)
    xMBSemaphore                             0x2000015c   Data           4  portother.o(.data)
    xMBMasterWaitSem                         0x20000160   Data           4  portother.o(.data)
    .data                                    0x20000164   Section      180  mb.o(.data)
    eMBCurrentMode                           0x20000164   Data           1  mb.o(.data)
    eMBState                                 0x20000165   Data           1  mb.o(.data)
    ePollThreadState                         0x20000166   Data           1  mb.o(.data)
    ucRcvAddress                             0x20000168   Data           1  mb.o(.data)
    ucFunctionCode                           0x20000169   Data           1  mb.o(.data)
    eException                               0x2000016a   Data           1  mb.o(.data)
    peMBFrameSendCur                         0x20000174   Data           4  mb.o(.data)
    pvMBFrameStartCur                        0x20000178   Data           4  mb.o(.data)
    pvMBFrameStopCur                         0x2000017c   Data           4  mb.o(.data)
    peMBFrameReceiveCur                      0x20000180   Data           4  mb.o(.data)
    pvMBFrameCloseCur                        0x20000184   Data           4  mb.o(.data)
    pvMBFrameGetBufferCur                    0x20000188   Data           4  mb.o(.data)
    xFuncHandlers                            0x20000198   Data         128  mb.o(.data)
    .data                                    0x20000218   Section        2  mbfuncother.o(.data)
    usMBSlaveIDLen                           0x20000218   Data           2  mbfuncother.o(.data)
    .data                                    0x2000021c   Section        4  stdout.o(.data)
    .bss                                     0x20000220   Section      200  tasks.o(.bss)
    pxReadyTasksLists                        0x20000220   Data         100  tasks.o(.bss)
    xDelayedTaskList1                        0x20000284   Data          20  tasks.o(.bss)
    xDelayedTaskList2                        0x20000298   Data          20  tasks.o(.bss)
    xPendingReadyList                        0x200002ac   Data          20  tasks.o(.bss)
    xTasksWaitingTermination                 0x200002c0   Data          20  tasks.o(.bss)
    xSuspendedTaskList                       0x200002d4   Data          20  tasks.o(.bss)
    .bss                                     0x200002e8   Section       32  mbfuncother.o(.bss)
    ucMBSlaveID                              0x200002e8   Data          32  mbfuncother.o(.bss)
    STACK                                    0x20000308   Section     1024  startup_stm32f10x_freertos.o(STACK)

    Global Symbols

    Symbol Name                              Value     Ov Type        Size  Object(Section)

    BuildAttributes$$THM_ISAv4$P$D$K$B$S$PE$A:L22UL41UL21$X:L11$S22US41US21$IEEE1$IW$USESV6$~STKCKD$USESV7$~SHL$OSPACE$ROPI$EBA8$MICROLIB$REQ8$PRES8$EABIv2 0x00000000   Number         0  anon$$obj.o ABSOLUTE
    __ARM_use_no_argv                        0x00000000   Number         0  main.o ABSOLUTE
    _printf_a                                0x00000000   Number         0  stubs.o ABSOLUTE
    _printf_c                                0x00000000   Number         0  stubs.o ABSOLUTE
    _printf_charcount                        0x00000000   Number         0  stubs.o ABSOLUTE
    _printf_d                                0x00000000   Number         0  stubs.o ABSOLUTE
    _printf_e                                0x00000000   Number         0  stubs.o ABSOLUTE
    _printf_f                                0x00000000   Number         0  stubs.o ABSOLUTE
    _printf_flags                            0x00000000   Number         0  stubs.o ABSOLUTE
    _printf_fp_dec                           0x00000000   Number         0  stubs.o ABSOLUTE
    _printf_fp_hex                           0x00000000   Number         0  stubs.o ABSOLUTE
    _printf_g                                0x00000000   Number         0  stubs.o ABSOLUTE
    _printf_i                                0x00000000   Number         0  stubs.o ABSOLUTE
    _printf_int_dec                          0x00000000   Number         0  stubs.o ABSOLUTE
    _printf_l                                0x00000000   Number         0  stubs.o ABSOLUTE
    _printf_lc                               0x00000000   Number         0  stubs.o ABSOLUTE
    _printf_ll                               0x00000000   Number         0  stubs.o ABSOLUTE
    _printf_lld                              0x00000000   Number         0  stubs.o ABSOLUTE
    _printf_lli                              0x00000000   Number         0  stubs.o ABSOLUTE
    _printf_llo                              0x00000000   Number         0  stubs.o ABSOLUTE
    _printf_llu                              0x00000000   Number         0  stubs.o ABSOLUTE
    _printf_llx                              0x00000000   Number         0  stubs.o ABSOLUTE
    _printf_longlong_dec                     0x00000000   Number         0  stubs.o ABSOLUTE
    _printf_longlong_hex                     0x00000000   Number         0  stubs.o ABSOLUTE
    _printf_longlong_oct                     0x00000000   Number         0  stubs.o ABSOLUTE
    _printf_ls                               0x00000000   Number         0  stubs.o ABSOLUTE
    _printf_mbtowc                           0x00000000   Number         0  stubs.o ABSOLUTE
    _printf_n                                0x00000000   Number         0  stubs.o ABSOLUTE
    _printf_o                                0x00000000   Number         0  stubs.o ABSOLUTE
    _printf_p                                0x00000000   Number         0  stubs.o ABSOLUTE
    _printf_percent                          0x00000000   Number         0  stubs.o ABSOLUTE
    _printf_pre_padding                      0x00000000   Number         0  stubs.o ABSOLUTE
    _printf_return_value                     0x00000000   Number         0  stubs.o ABSOLUTE
    _printf_s                                0x00000000   Number         0  stubs.o ABSOLUTE
    _printf_sizespec                         0x00000000   Number         0  stubs.o ABSOLUTE
    _printf_str                              0x00000000   Number         0  stubs.o ABSOLUTE
    _printf_truncate_signed                  0x00000000   Number         0  stubs.o ABSOLUTE
    _printf_truncate_unsigned                0x00000000   Number         0  stubs.o ABSOLUTE
    _printf_u                                0x00000000   Number         0  stubs.o ABSOLUTE
    _printf_wc                               0x00000000   Number         0  stubs.o ABSOLUTE
    _printf_wctomb                           0x00000000   Number         0  stubs.o ABSOLUTE
    _printf_widthprec                        0x00000000   Number         0  stubs.o ABSOLUTE
    _printf_x                                0x00000000   Number         0  stubs.o ABSOLUTE
    __cpp_initialize__aeabi_                  - Undefined Weak Reference
    __cxa_finalize                            - Undefined Weak Reference
    __decompress                              - Undefined Weak Reference
    _clock_init                               - Undefined Weak Reference
    _microlib_exit                            - Undefined Weak Reference
    __Vectors_Size                           0x000000ec   Number         0  startup_stm32f10x_freertos.o ABSOLUTE
    __Vectors                                0x08000000   Data           4  startup_stm32f10x_freertos.o(RESET)
    __Vectors_End                            0x080000ec   Data           0  startup_stm32f10x_freertos.o(RESET)
    __main                                   0x080000ed   Thumb Code     0  entry.o(.ARM.Collect$$$$00000000)
    _main_stk                                0x080000ed   Thumb Code     0  entry2.o(.ARM.Collect$$$$00000001)
    _main_scatterload                        0x080000f1   Thumb Code     0  entry5.o(.ARM.Collect$$$$00000004)
    __main_after_scatterload                 0x080000f5   Thumb Code     0  entry5.o(.ARM.Collect$$$$00000004)
    _main_clock                              0x080000f5   Thumb Code     0  entry7b.o(.ARM.Collect$$$$00000008)
    _main_cpp_init                           0x080000f5   Thumb Code     0  entry8b.o(.ARM.Collect$$$$0000000A)
    _main_init                               0x080000f5   Thumb Code     0  entry9a.o(.ARM.Collect$$$$0000000B)
    __rt_final_cpp                           0x080000fd   Thumb Code     0  entry10a.o(.ARM.Collect$$$$0000000D)
    __rt_final_exit                          0x080000fd   Thumb Code     0  entry11a.o(.ARM.Collect$$$$0000000F)
    vPortSVCHandler                          0x08000101   Thumb Code    32  port.o(.emb_text)
    __asm___6_port_c_39a90d8d__prvStartFirstTask 0x08000125   Thumb Code    24  port.o(.emb_text)
    xPortPendSVHandler                       0x08000141   Thumb Code    64  port.o(.emb_text)
    ulPortSetInterruptMask                   0x08000185   Thumb Code    14  port.o(.emb_text)
    vPortClearInterruptMask                  0x08000193   Thumb Code     6  port.o(.emb_text)
    vPortGetIPSR                             0x08000199   Thumb Code     6  port.o(.emb_text)
    Reset_Handler                            0x080001a1   Thumb Code     8  startup_stm32f10x_freertos.o(.text)
    ADC1_2_IRQHandler                        0x080001bb   Thumb Code     0  startup_stm32f10x_freertos.o(.text)
    CAN1_RX1_IRQHandler                      0x080001bb   Thumb Code     0  startup_stm32f10x_freertos.o(.text)
    CAN1_SCE_IRQHandler                      0x080001bb   Thumb Code     0  startup_stm32f10x_freertos.o(.text)
    DMA1_Channel1_IRQHandler                 0x080001bb   Thumb Code     0  startup_stm32f10x_freertos.o(.text)
    DMA1_Channel2_IRQHandler                 0x080001bb   Thumb Code     0  startup_stm32f10x_freertos.o(.text)
    DMA1_Channel3_IRQHandler                 0x080001bb   Thumb Code     0  startup_stm32f10x_freertos.o(.text)
    DMA1_Channel4_IRQHandler                 0x080001bb   Thumb Code     0  startup_stm32f10x_freertos.o(.text)
    DMA1_Channel5_IRQHandler                 0x080001bb   Thumb Code     0  startup_stm32f10x_freertos.o(.text)
    DMA1_Channel6_IRQHandler                 0x080001bb   Thumb Code     0  startup_stm32f10x_freertos.o(.text)
    DMA1_Channel7_IRQHandler                 0x080001bb   Thumb Code     0  startup_stm32f10x_freertos.o(.text)
    EXTI15_10_IRQHandler                     0x080001bb   Thumb Code     0  startup_stm32f10x_freertos.o(.text)
    EXTI1_IRQHandler                         0x080001bb   Thumb Code     0  startup_stm32f10x_freertos.o(.text)
    EXTI2_IRQHandler                         0x080001bb   Thumb Code     0  startup_stm32f10x_freertos.o(.text)
    EXTI3_IRQHandler                         0x080001bb   Thumb Code     0  startup_stm32f10x_freertos.o(.text)
    EXTI4_IRQHandler                         0x080001bb   Thumb Code     0  startup_stm32f10x_freertos.o(.text)
    EXTI9_5_IRQHandler                       0x080001bb   Thumb Code     0  startup_stm32f10x_freertos.o(.text)
    FLASH_IRQHandler                         0x080001bb   Thumb Code     0  startup_stm32f10x_freertos.o(.text)
    I2C1_ER_IRQHandler                       0x080001bb   Thumb Code     0  startup_stm32f10x_freertos.o(.text)
    I2C1_EV_IRQHandler                       0x080001bb   Thumb Code     0  startup_stm32f10x_freertos.o(.text)
    I2C2_ER_IRQHandler                       0x080001bb   Thumb Code     0  startup_stm32f10x_freertos.o(.text)
    I2C2_EV_IRQHandler                       0x080001bb   Thumb Code     0  startup_stm32f10x_freertos.o(.text)
    PVD_IRQHandler                           0x080001bb   Thumb Code     0  startup_stm32f10x_freertos.o(.text)
    RCC_IRQHandler                           0x080001bb   Thumb Code     0  startup_stm32f10x_freertos.o(.text)
    RTCAlarm_IRQHandler                      0x080001bb   Thumb Code     0  startup_stm32f10x_freertos.o(.text)
    RTC_IRQHandler                           0x080001bb   Thumb Code     0  startup_stm32f10x_freertos.o(.text)
    SPI1_IRQHandler                          0x080001bb   Thumb Code     0  startup_stm32f10x_freertos.o(.text)
    SPI2_IRQHandler                          0x080001bb   Thumb Code     0  startup_stm32f10x_freertos.o(.text)
    TAMPER_IRQHandler                        0x080001bb   Thumb Code     0  startup_stm32f10x_freertos.o(.text)
    TIM1_BRK_IRQHandler                      0x080001bb   Thumb Code     0  startup_stm32f10x_freertos.o(.text)
    TIM1_CC_IRQHandler                       0x080001bb   Thumb Code     0  startup_stm32f10x_freertos.o(.text)
    TIM1_TRG_COM_IRQHandler                  0x080001bb   Thumb Code     0  startup_stm32f10x_freertos.o(.text)
    TIM1_UP_IRQHandler                       0x080001bb   Thumb Code     0  startup_stm32f10x_freertos.o(.text)
    TIM3_IRQHandler                          0x080001bb   Thumb Code     0  startup_stm32f10x_freertos.o(.text)
    TIM4_IRQHandler                          0x080001bb   Thumb Code     0  startup_stm32f10x_freertos.o(.text)
    USBWakeUp_IRQHandler                     0x080001bb   Thumb Code     0  startup_stm32f10x_freertos.o(.text)
    USB_HP_CAN1_TX_IRQHandler                0x080001bb   Thumb Code     0  startup_stm32f10x_freertos.o(.text)
    USB_LP_CAN1_RX0_IRQHandler               0x080001bb   Thumb Code     0  startup_stm32f10x_freertos.o(.text)
    WWDG_IRQHandler                          0x080001bb   Thumb Code     0  startup_stm32f10x_freertos.o(.text)
    __aeabi_memcpy                           0x080001c5   Thumb Code    36  memcpya.o(.text)
    __aeabi_memcpy4                          0x080001c5   Thumb Code     0  memcpya.o(.text)
    __aeabi_memcpy8                          0x080001c5   Thumb Code     0  memcpya.o(.text)
    __aeabi_uldivmod                         0x080001e9   Thumb Code    98  uldiv.o(.text)
    __scatterload                            0x0800024d   Thumb Code    28  init.o(.text)
    __scatterload_rt2                        0x0800024d   Thumb Code     0  init.o(.text)
    __aeabi_llsl                             0x08000271   Thumb Code    30  llshl.o(.text)
    _ll_shift_l                              0x08000271   Thumb Code     0  llshl.o(.text)
    __aeabi_llsr                             0x0800028f   Thumb Code    32  llushr.o(.text)
    _ll_ushift_r                             0x0800028f   Thumb Code     0  llushr.o(.text)
    BusFault_Handler                         0x080002af   Thumb Code     2  stm32f10x_it.o(i.BusFault_Handler)
    DebugMon_Handler                         0x080002b1   Thumb Code     2  stm32f10x_it.o(i.DebugMon_Handler)
    Dirver_UsartNVICInit                     0x080002b5   Thumb Code   116  stm32f10x_wtd_usart.o(i.Dirver_UsartNVICInit)
    Driver_IntRelocate                       0x08000335   Thumb Code    28  stm32f10x_wtd_int.o(i.Driver_IntRelocate)
    Driver_USART1InterrupHandler             0x0800035d   Thumb Code    88  stm32f10x_wtd_usart.o(i.Driver_USART1InterrupHandler)
    Driver_USART2InterrupHandler             0x080003b9   Thumb Code   102  stm32f10x_wtd_usart.o(i.Driver_USART2InterrupHandler)
    Driver_USART3InterrupHandler             0x08000429   Thumb Code   108  stm32f10x_wtd_usart.o(i.Driver_USART3InterrupHandler)
    Driver_UsartDebugPortSet                 0x080004b5   Thumb Code     6  stm32f10x_wtd_usart.o(i.Driver_UsartDebugPortSet)
    Driver_UsartGPIOInit                     0x080004c1   Thumb Code   146  stm32f10x_wtd_usart.o(i.Driver_UsartGPIOInit)
    Driver_UsartInit                         0x08000569   Thumb Code   138  stm32f10x_wtd_usart.o(i.Driver_UsartInit)
    Driver_UsartSendData                     0x08000601   Thumb Code    44  stm32f10x_wtd_usart.o(i.Driver_UsartSendData)
    E2P_Init                                 0x0800062d   Thumb Code    70  stm32f10x_wtd_eeprom.o(i.E2P_Init)
    EXTI0_IRQHandler                         0x08000679   Thumb Code     2  stm32f10x_it.o(i.EXTI0_IRQHandler)
    GPIO_Init                                0x0800067d   Thumb Code   158  stm32f10x_gpio.o(i.GPIO_Init)
    GPIO_SetBits                             0x0800071b   Thumb Code     4  stm32f10x_gpio.o(i.GPIO_SetBits)
    HardFault_Handler                        0x0800071f   Thumb Code     2  stm32f10x_it.o(i.HardFault_Handler)
    MemManage_Handler                        0x08000721   Thumb Code     2  stm32f10x_it.o(i.MemManage_Handler)
    NMI_Handler                              0x08000723   Thumb Code     2  stm32f10x_it.o(i.NMI_Handler)
    NVIC_Init                                0x08000725   Thumb Code    90  misc.o(i.NVIC_Init)
    NVIC_PriorityGroupConfig                 0x08000789   Thumb Code    10  misc.o(i.NVIC_PriorityGroupConfig)
    NVIC_SetVectorTable                      0x0800079d   Thumb Code    12  misc.o(i.NVIC_SetVectorTable)
    RCC_APB1PeriphClockCmd                   0x080007b1   Thumb Code    18  stm32f10x_rcc.o(i.RCC_APB1PeriphClockCmd)
    RCC_APB2PeriphClockCmd                   0x080007c9   Thumb Code    18  stm32f10x_rcc.o(i.RCC_APB2PeriphClockCmd)
    RCC_DeInit                               0x080007e1   Thumb Code    50  stm32f10x_rcc.o(i.RCC_DeInit)
    RCC_GetClocksFreq                        0x08000821   Thumb Code   130  stm32f10x_rcc.o(i.RCC_GetClocksFreq)
    RCC_GetFlagStatus                        0x080008b5   Thumb Code    44  stm32f10x_rcc.o(i.RCC_GetFlagStatus)
    RCC_GetSYSCLKSource                      0x080008e5   Thumb Code    10  stm32f10x_rcc.o(i.RCC_GetSYSCLKSource)
    RCC_HCLKConfig                           0x080008f5   Thumb Code    14  stm32f10x_rcc.o(i.RCC_HCLKConfig)
    RCC_HSEConfig                            0x08000909   Thumb Code    48  stm32f10x_rcc.o(i.RCC_HSEConfig)
    RCC_PCLK1Config                          0x0800093d   Thumb Code    14  stm32f10x_rcc.o(i.RCC_PCLK1Config)
    RCC_PCLK2Config                          0x08000951   Thumb Code    16  stm32f10x_rcc.o(i.RCC_PCLK2Config)
    RCC_PLLCmd                               0x08000965   Thumb Code     6  stm32f10x_rcc.o(i.RCC_PLLCmd)
    RCC_PLLConfig                            0x08000971   Thumb Code    16  stm32f10x_rcc.o(i.RCC_PLLConfig)
    RCC_SYSCLKConfig                         0x08000985   Thumb Code    14  stm32f10x_rcc.o(i.RCC_SYSCLKConfig)
    SysTick_CLKSourceConfig                  0x08000a41   Thumb Code    24  misc.o(i.SysTick_CLKSourceConfig)
    SysTick_Handler                          0x08000a59   Thumb Code     4  stm32f10x_it.o(i.SysTick_Handler)
    SystemInit                               0x08000a5d   Thumb Code    64  system_stm32f10x.o(i.SystemInit)
    TIM2_IRQHandler                          0x08000aad   Thumb Code     4  stm32f10x_it.o(i.TIM2_IRQHandler)
    TIM_ClearITPendingBit                    0x08000ab1   Thumb Code     6  stm32f10x_tim.o(i.TIM_ClearITPendingBit)
    TIM_GetITStatus                          0x08000ab7   Thumb Code    24  stm32f10x_tim.o(i.TIM_GetITStatus)
    USART1_IRQHandler                        0x08000acf   Thumb Code     4  stm32f10x_it.o(i.USART1_IRQHandler)
    USART2_IRQHandler                        0x08000ad3   Thumb Code     4  stm32f10x_it.o(i.USART2_IRQHandler)
    USART3_IRQHandler                        0x08000ad7   Thumb Code     4  stm32f10x_it.o(i.USART3_IRQHandler)
    USART_ClearFlag                          0x08000adb   Thumb Code     6  stm32f10x_usart.o(i.USART_ClearFlag)
    USART_ClearITPendingBit                  0x08000ae1   Thumb Code    12  stm32f10x_usart.o(i.USART_ClearITPendingBit)
    USART_Cmd                                0x08000aed   Thumb Code    20  stm32f10x_usart.o(i.USART_Cmd)
    USART_GetFlagStatus                      0x08000b01   Thumb Code    14  stm32f10x_usart.o(i.USART_GetFlagStatus)
    USART_GetITStatus                        0x08000b0f   Thumb Code    62  stm32f10x_usart.o(i.USART_GetITStatus)
    USART_ITConfig                           0x08000b4d   Thumb Code    48  stm32f10x_usart.o(i.USART_ITConfig)
    USART_Init                               0x08000b7d   Thumb Code   176  stm32f10x_usart.o(i.USART_Init)
    USART_ReceiveData                        0x08000c31   Thumb Code     8  stm32f10x_usart.o(i.USART_ReceiveData)
    USART_SendData                           0x08000c39   Thumb Code     8  stm32f10x_usart.o(i.USART_SendData)
    USART_StructInit                         0x08000c41   Thumb Code    22  stm32f10x_usart.o(i.USART_StructInit)
    UsageFault_Handler                       0x08000c57   Thumb Code     2  stm32f10x_it.o(i.UsageFault_Handler)
    __0printf$8                              0x08000c59   Thumb Code    22  printf8.o(i.__0printf$8)
    __1printf$8                              0x08000c59   Thumb Code     0  printf8.o(i.__0printf$8)
    __2printf                                0x08000c59   Thumb Code     0  printf8.o(i.__0printf$8)
    __scatterload_copy                       0x08000c79   Thumb Code    14  handlers.o(i.__scatterload_copy)
    __scatterload_null                       0x08000c87   Thumb Code     2  handlers.o(i.__scatterload_null)
    __scatterload_zeroinit                   0x08000c89   Thumb Code    14  handlers.o(i.__scatterload_zeroinit)
    eMBFuncReportSlaveID                     0x080010f9   Thumb Code    26  mbfuncother.o(i.eMBFuncReportSlaveID)
    eMBRecvCBFuncDefault                     0x0800111d   Thumb Code     4  mbmasterfunc.o(i.eMBRecvCBFuncDefault)
    eMBRecvCBFuncException                   0x08001121   Thumb Code    14  mbmasterfunc.o(i.eMBRecvCBFuncException)
    eMBRecvCBFuncReadDiscrete                0x08001131   Thumb Code    60  mbmasterfunc.o(i.eMBRecvCBFuncReadDiscrete)
    eMBRecvCBFuncReadReg                     0x08001175   Thumb Code    70  mbmasterfunc.o(i.eMBRecvCBFuncReadReg)
    fputc                                    0x080011c5   Thumb Code    30  stm32f10x_wtd_usart.o(i.fputc)
    main                                     0x080011e9   Thumb Code    46  main.o(i.main)
    prvvMBTimerIRQHandler                    0x08001325   Thumb Code    44  porttimer.o(i.prvvMBTimerIRQHandler)
    uxListRemove                             0x08001355   Thumb Code    36  list.o(i.uxListRemove)
    vListInsertEnd                           0x08001379   Thumb Code    24  list.o(i.vListInsertEnd)
    vMBPortSetWithinException                0x08001391   Thumb Code     6  portother.o(i.vMBPortSetWithinException)
    vTaskSwitchContext                       0x0800139d   Thumb Code    72  tasks.o(i.vTaskSwitchContext)
    xPortSysTickHandler                      0x080013ed   Thumb Code    30  port.o(i.xPortSysTickHandler)
    xTaskIncrementTick                       0x08001411   Thumb Code   170  tasks.o(i.xTaskIncrementTick)
    Region$$Table$$Base                      0x080014c4   Number         0  anon$$obj.o(Region$$Table)
    Region$$Table$$Limit                     0x080014e4   Number         0  anon$$obj.o(Region$$Table)
    pxCurrentTCB                             0x20000114   Data           4  tasks.o(.data)
    USART_Port                               0x2000014c   Data           4  stm32f10x_wtd_usart.o(.data)
    ucMBAddress                              0x20000167   Data           1  mb.o(.data)
    usLength                                 0x2000016c   Data           2  mb.o(.data)
    ucMBFrame                                0x20000170   Data           4  mb.o(.data)
    pxMBFrameCBByteReceived                  0x2000018c   Data           4  mb.o(.data)
    pxMBFrameCBTransmitterEmpty              0x20000190   Data           4  mb.o(.data)
    pxMBPortCBTimerExpired                   0x20000194   Data           4  mb.o(.data)
    __stdout                                 0x2000021c   Data           4  stdout.o(.data)
    __initial_sp                             0x20000708   Data           0  startup_stm32f10x_freertos.o(STACK)



==============================================================================

Memory Map of the image

  Image Entry point : 0x080000ed

  Load Region LR_IROM1 (Base: 0x08000000, Size: 0x00001604, Max: 0x00020000, ABSOLUTE)

    Execution Region ER_IROM1 (Base: 0x08000000, Size: 0x000014e4, Max: 0x00020000, ABSOLUTE)

    Base Addr    Size         Type   Attr      Idx    E Section Name        Object

    0x08000000   0x000000ec   Data   RO         3246    RESET               startup_stm32f10x_freertos.o
    0x080000ec   0x00000000   Code   RO         4896  * .ARM.Collect$$$$00000000  mc_w.l(entry.o)
    0x080000ec   0x00000004   Code   RO         5164    .ARM.Collect$$$$00000001  mc_w.l(entry2.o)
    0x080000f0   0x00000004   Code   RO         5167    .ARM.Collect$$$$00000004  mc_w.l(entry5.o)
    0x080000f4   0x00000000   Code   RO         5169    .ARM.Collect$$$$00000008  mc_w.l(entry7b.o)
    0x080000f4   0x00000000   Code   RO         5171    .ARM.Collect$$$$0000000A  mc_w.l(entry8b.o)
    0x080000f4   0x00000008   Code   RO         5172    .ARM.Collect$$$$0000000B  mc_w.l(entry9a.o)
    0x080000fc   0x00000000   Code   RO         5174    .ARM.Collect$$$$0000000D  mc_w.l(entry10a.o)
    0x080000fc   0x00000000   Code   RO         5176    .ARM.Collect$$$$0000000F  mc_w.l(entry11a.o)
    0x080000fc   0x00000004   Code   RO         5165    .ARM.Collect$$$$00002712  mc_w.l(entry2.o)
    0x08000100   0x0000009e   Code   RO         3741    .emb_text           port.o
    0x0800019e   0x00000002   PAD
    0x080001a0   0x00000024   Code   RO         3247    .text               startup_stm32f10x_freertos.o
    0x080001c4   0x00000024   Code   RO         4899    .text               mc_w.l(memcpya.o)
    0x080001e8   0x00000062   Code   RO         5181    .text               mc_w.l(uldiv.o)
    0x0800024a   0x00000002   PAD
    0x0800024c   0x00000024   Code   RO         5194    .text               mc_w.l(init.o)
    0x08000270   0x0000001e   Code   RO         5196    .text               mc_w.l(llshl.o)
    0x0800028e   0x00000020   Code   RO         5198    .text               mc_w.l(llushr.o)
    0x080002ae   0x00000002   Code   RO         3148    i.BusFault_Handler  stm32f10x_it.o
    0x080002b0   0x00000002   Code   RO         3149    i.DebugMon_Handler  stm32f10x_it.o
    0x080002b2   0x00000002   PAD
    0x080002b4   0x00000080   Code   RO         4012    i.Dirver_UsartNVICInit  stm32f10x_wtd_usart.o
    0x08000334   0x00000028   Code   RO         4078    i.Driver_IntRelocate  stm32f10x_wtd_int.o
    0x0800035c   0x0000005c   Code   RO         4013    i.Driver_USART1InterrupHandler  stm32f10x_wtd_usart.o
    0x080003b8   0x00000070   Code   RO         4014    i.Driver_USART2InterrupHandler  stm32f10x_wtd_usart.o
    0x08000428   0x0000008c   Code   RO         4015    i.Driver_USART3InterrupHandler  stm32f10x_wtd_usart.o
    0x080004b4   0x0000000c   Code   RO         4016    i.Driver_UsartDebugPortSet  stm32f10x_wtd_usart.o
    0x080004c0   0x000000a8   Code   RO         4017    i.Driver_UsartGPIOInit  stm32f10x_wtd_usart.o
    0x08000568   0x00000098   Code   RO         4018    i.Driver_UsartInit  stm32f10x_wtd_usart.o
    0x08000600   0x0000002c   Code   RO         4019    i.Driver_UsartSendData  stm32f10x_wtd_usart.o
    0x0800062c   0x0000004c   Code   RO         3844    i.E2P_Init          stm32f10x_wtd_eeprom.o
    0x08000678   0x00000002   Code   RO         3150    i.EXTI0_IRQHandler  stm32f10x_it.o
    0x0800067a   0x00000002   PAD
    0x0800067c   0x0000009e   Code   RO         1232    i.GPIO_Init         stm32f10x_gpio.o
    0x0800071a   0x00000004   Code   RO         1240    i.GPIO_SetBits      stm32f10x_gpio.o
    0x0800071e   0x00000002   Code   RO         3151    i.HardFault_Handler  stm32f10x_it.o
    0x08000720   0x00000002   Code   RO         3152    i.MemManage_Handler  stm32f10x_it.o
    0x08000722   0x00000002   Code   RO         3153    i.NMI_Handler       stm32f10x_it.o
    0x08000724   0x00000064   Code   RO            1    i.NVIC_Init         misc.o
    0x08000788   0x00000014   Code   RO            2    i.NVIC_PriorityGroupConfig  misc.o
    0x0800079c   0x00000014   Code   RO            3    i.NVIC_SetVectorTable  misc.o
    0x080007b0   0x00000018   Code   RO         1648    i.RCC_APB1PeriphClockCmd  stm32f10x_rcc.o
    0x080007c8   0x00000018   Code   RO         1650    i.RCC_APB2PeriphClockCmd  stm32f10x_rcc.o
    0x080007e0   0x00000040   Code   RO         1657    i.RCC_DeInit        stm32f10x_rcc.o
    0x08000820   0x00000094   Code   RO         1658    i.RCC_GetClocksFreq  stm32f10x_rcc.o
    0x080008b4   0x00000030   Code   RO         1659    i.RCC_GetFlagStatus  stm32f10x_rcc.o
    0x080008e4   0x00000010   Code   RO         1661    i.RCC_GetSYSCLKSource  stm32f10x_rcc.o
    0x080008f4   0x00000014   Code   RO         1662    i.RCC_HCLKConfig    stm32f10x_rcc.o
    0x08000908   0x00000034   Code   RO         1663    i.RCC_HSEConfig     stm32f10x_rcc.o
    0x0800093c   0x00000014   Code   RO         1669    i.RCC_PCLK1Config   stm32f10x_rcc.o
    0x08000950   0x00000014   Code   RO         1670    i.RCC_PCLK2Config   stm32f10x_rcc.o
    0x08000964   0x0000000c   Code   RO         1671    i.RCC_PLLCmd        stm32f10x_rcc.o
    0x08000970   0x00000014   Code   RO         1672    i.RCC_PLLConfig     stm32f10x_rcc.o
    0x08000984   0x00000014   Code   RO         1675    i.RCC_SYSCLKConfig  stm32f10x_rcc.o
    0x08000998   0x000000a8   Code   RO         4112    i.SetSysClockTo72   system_stm32f10x.o
    0x08000a40   0x00000018   Code   RO            5    i.SysTick_CLKSourceConfig  misc.o
    0x08000a58   0x00000004   Code   RO         3156    i.SysTick_Handler   stm32f10x_it.o
    0x08000a5c   0x00000050   Code   RO         4114    i.SystemInit        system_stm32f10x.o
    0x08000aac   0x00000004   Code   RO         3157    i.TIM2_IRQHandler   stm32f10x_it.o
    0x08000ab0   0x00000006   Code   RO         2277    i.TIM_ClearITPendingBit  stm32f10x_tim.o
    0x08000ab6   0x00000018   Code   RO         2303    i.TIM_GetITStatus   stm32f10x_tim.o
    0x08000ace   0x00000004   Code   RO         3158    i.USART1_IRQHandler  stm32f10x_it.o
    0x08000ad2   0x00000004   Code   RO         3159    i.USART2_IRQHandler  stm32f10x_it.o
    0x08000ad6   0x00000004   Code   RO         3160    i.USART3_IRQHandler  stm32f10x_it.o
    0x08000ada   0x00000006   Code   RO         2801    i.USART_ClearFlag   stm32f10x_usart.o
    0x08000ae0   0x0000000c   Code   RO         2802    i.USART_ClearITPendingBit  stm32f10x_usart.o
    0x08000aec   0x00000014   Code   RO         2805    i.USART_Cmd         stm32f10x_usart.o
    0x08000b00   0x0000000e   Code   RO         2808    i.USART_GetFlagStatus  stm32f10x_usart.o
    0x08000b0e   0x0000003e   Code   RO         2809    i.USART_GetITStatus  stm32f10x_usart.o
    0x08000b4c   0x00000030   Code   RO         2811    i.USART_ITConfig    stm32f10x_usart.o
    0x08000b7c   0x000000b4   Code   RO         2812    i.USART_Init        stm32f10x_usart.o
    0x08000c30   0x00000008   Code   RO         2819    i.USART_ReceiveData  stm32f10x_usart.o
    0x08000c38   0x00000008   Code   RO         2822    i.USART_SendData    stm32f10x_usart.o
    0x08000c40   0x00000016   Code   RO         2828    i.USART_StructInit  stm32f10x_usart.o
    0x08000c56   0x00000002   Code   RO         3161    i.UsageFault_Handler  stm32f10x_it.o
    0x08000c58   0x00000020   Code   RO         5110    i.__0printf$8       mc_w.l(printf8.o)
    0x08000c78   0x0000000e   Code   RO         5206    i.__scatterload_copy  mc_w.l(handlers.o)
    0x08000c86   0x00000002   Code   RO         5207    i.__scatterload_null  mc_w.l(handlers.o)
    0x08000c88   0x0000000e   Code   RO         5208    i.__scatterload_zeroinit  mc_w.l(handlers.o)
    0x08000c96   0x00000002   PAD
    0x08000c98   0x00000408   Code   RO         5117    i._printf_core      mc_w.l(printf8.o)
    0x080010a0   0x00000026   Code   RO         5118    i._printf_post_padding  mc_w.l(printf8.o)
    0x080010c6   0x00000030   Code   RO         5119    i._printf_pre_padding  mc_w.l(printf8.o)
    0x080010f6   0x00000002   PAD
    0x080010f8   0x00000024   Code   RO         4778    i.eMBFuncReportSlaveID  mbfuncother.o
    0x0800111c   0x00000004   Code   RO         4257    i.eMBRecvCBFuncDefault  mbmasterfunc.o
    0x08001120   0x0000000e   Code   RO         4258    i.eMBRecvCBFuncException  mbmasterfunc.o
    0x0800112e   0x00000002   PAD
    0x08001130   0x00000044   Code   RO         4259    i.eMBRecvCBFuncReadDiscrete  mbmasterfunc.o
    0x08001174   0x00000050   Code   RO         4260    i.eMBRecvCBFuncReadReg  mbmasterfunc.o
    0x080011c4   0x00000024   Code   RO         4020    i.fputc             stm32f10x_wtd_usart.o
    0x080011e8   0x00000058   Code   RO         3039    i.main              main.o
    0x08001240   0x00000020   Code   RO         3512    i.prvResetNextTaskUnblockTime  tasks.o
    0x08001260   0x000000c4   Code   RO         3040    i.prvSetupHardware  main.o
    0x08001324   0x00000030   Code   RO         4486    i.prvvMBTimerIRQHandler  porttimer.o
    0x08001354   0x00000024   Code   RO         3371    i.uxListRemove      list.o
    0x08001378   0x00000018   Code   RO         3375    i.vListInsertEnd    list.o
    0x08001390   0x0000000c   Code   RO         4380    i.vMBPortSetWithinException  portother.o
    0x0800139c   0x00000050   Code   RO         3530    i.vTaskSwitchContext  tasks.o
    0x080013ec   0x00000024   Code   RO         3750    i.xPortSysTickHandler  port.o
    0x08001410   0x000000b4   Code   RO         3535    i.xTaskIncrementTick  tasks.o
    0x080014c4   0x00000020   Data   RO         5204    Region$$Table       anon$$obj.o


    Execution Region RW_IRAM1 (Base: 0x20000100, Size: 0x00000608, Max: 0x00004f00, ABSOLUTE)

    Base Addr    Size         Type   Attr      Idx    E Section Name        Object

    0x20000100   0x00000014   Data   RW         1678    .data               stm32f10x_rcc.o
    0x20000114   0x00000038   Data   RW         3541    .data               tasks.o
    0x2000014c   0x00000004   Data   RW         4022    .data               stm32f10x_wtd_usart.o
    0x20000150   0x00000008   Data   RW         4267    .data               mbmasterfunc.o
    0x20000158   0x0000000c   Data   RW         4383    .data               portother.o
    0x20000164   0x000000b4   Data   RW         4545    .data               mb.o
    0x20000218   0x00000002   Data   RW         4781    .data               mbfuncother.o
    0x2000021a   0x00000002   PAD
    0x2000021c   0x00000004   Data   RW         5178    .data               mc_w.l(stdout.o)
    0x20000220   0x000000c8   Zero   RW         3540    .bss                tasks.o
    0x200002e8   0x00000020   Zero   RW         4780    .bss                mbfuncother.o
    0x20000308   0x00000400   Zero   RW         3244    STACK               startup_stm32f10x_freertos.o



  Load Region LR$$.ARM.__AT_0x20000000 (Base: 0x20000000, Size: 0x00000000, Max: 0x00000100, ABSOLUTE)

    Execution Region ER$$.ARM.__AT_0x20000000 (Base: 0x20000000, Size: 0x00000100, Max: 0x00000100, ABSOLUTE, UNINIT)

    Base Addr    Size         Type   Attr      Idx    E Section Name        Object

    0x20000000   0x00000100   Zero   RW         4081    .ARM.__AT_0x20000000  stm32f10x_wtd_int.o


==============================================================================

Image component sizes


      Code (inc. data)   RO Data    RW Data    ZI Data      Debug   Object Name

        60          0          0          0          0       1496   list.o
       284         56          0          0          0      16147   main.o
         0          0          0        180          0       2829   mb.o
        36         10          0          2         32       1491   mbfuncother.o
       166         18          0          8          0       5832   mbmasterfunc.o
       164         28          0          0          0     254299   misc.o
       194         18          0          0          0       1318   port.o
        12          6          0         12          0       3176   portother.o
        48          4          0          0          0        568   porttimer.o
        36          8        236          0       1024        804   startup_stm32f10x_freertos.o
       162          0          0          0          0       2375   stm32f10x_gpio.o
        34          0          0          0          0       4796   stm32f10x_it.o
       488         90          0         20          0       9954   stm32f10x_rcc.o
        30          0          0          0          0       2585   stm32f10x_tim.o
       380          4          0          0          0       7616   stm32f10x_usart.o
        76          6          0          0          0        579   stm32f10x_wtd_eeprom.o
        40         12          0          0        256       1484   stm32f10x_wtd_int.o
       884        106          0          4          0       6951   stm32f10x_wtd_usart.o
       248         24          0          0          0       1805   system_stm32f10x.o
       292         24          0         56        200       5596   tasks.o

    ----------------------------------------------------------------------
      3642        414        268        284       1512     331701   Object Totals
         0          0         32          0          0          0   (incl. Generated)
         8          0          0          2          0          0   (incl. Padding)

    ----------------------------------------------------------------------

      Code (inc. data)   RO Data    RW Data    ZI Data      Debug   Library Member Name

         0          0          0          0          0          0   entry.o
         0          0          0          0          0          0   entry10a.o
         0          0          0          0          0          0   entry11a.o
         8          4          0          0          0          0   entry2.o
         4          0          0          0          0          0   entry5.o
         0          0          0          0          0          0   entry7b.o
         0          0          0          0          0          0   entry8b.o
         8          4          0          0          0          0   entry9a.o
        30          0          0          0          0          0   handlers.o
        36          8          0          0          0         68   init.o
        30          0          0          0          0         68   llshl.o
        32          0          0          0          0         68   llushr.o
        36          0          0          0          0         68   memcpya.o
      1150         54          0          0          0        352   printf8.o
         0          0          0          4          0          0   stdout.o
        98          0          0          0          0         92   uldiv.o

    ----------------------------------------------------------------------
      1438         70          0          4          0        716   Library Totals
         6          0          0          0          0          0   (incl. Padding)

    ----------------------------------------------------------------------

      Code (inc. data)   RO Data    RW Data    ZI Data      Debug   Library Name

      1432         70          0          4          0        716   mc_w.l

    ----------------------------------------------------------------------
      1438         70          0          4          0        716   Library Totals

    ----------------------------------------------------------------------

==============================================================================


      Code (inc. data)   RO Data    RW Data    ZI Data      Debug   

      5080        484        268        288       1512     328517   Grand Totals
      5080        484        268        288       1512     328517   ELF Image Totals
      5080        484        268        288          0          0   ROM Totals

==============================================================================

    Total RO  Size (Code + RO Data)                 5348 (   5.22kB)
    Total RW  Size (RW Data + ZI Data)              1800 (   1.76kB)
    Total ROM Size (Code + RO Data + RW Data)       5636 (   5.50kB)

==============================================================================

